Archive member included because of file (symbol)

../cross_compiler/lib/gcc/arm-none-eabi/4.8.1//libgcc.a(_udivsi3.o)
                              binaries/qsort.o (__aeabi_uidiv)
../cross_compiler/lib/gcc/arm-none-eabi/4.8.1//libgcc.a(_divsi3.o)
                              binaries/doprnt.o (__aeabi_idiv)
../cross_compiler/lib/gcc/arm-none-eabi/4.8.1//libgcc.a(_dvmd_tls.o)
                              ../cross_compiler/lib/gcc/arm-none-eabi/4.8.1//libgcc.a(_udivsi3.o) (__aeabi_idiv0)
../cross_compiler/lib/gcc/arm-none-eabi/4.8.1//libgcc.a(_arm_muldivdf3.o)
                              binaries/doprnt.o (__aeabi_dmul)
../cross_compiler/lib/gcc/arm-none-eabi/4.8.1//libgcc.a(_arm_cmpdf2.o)
                              binaries/doprnt.o (__aeabi_dcmplt)
../cross_compiler/lib/gcc/arm-none-eabi/4.8.1//libgcc.a(_arm_fixdfsi.o)
                              binaries/doprnt.o (__aeabi_d2iz)

Allocating common symbols
Common symbol       size              file

netbufpool          0x4               binaries/net.o
readylist           0x2               binaries/ready.o
rfltab              0x5a0             binaries/rflinit.o
netportseed         0x4               binaries/net.o
sleepq              0x2               binaries/clkinit.o
intc_vector         0x200             binaries/evec.o
nnames              0x4               binaries/naminit.o
udptab              0x168             binaries/udp.o
minheap             0x4               binaries/meminit.o
marks               0x50              binaries/mark.o
currpid             0x4               binaries/initialize.o
Lf_data             0x20c             binaries/lfsinit.o
porttab             0x2d0             binaries/ptinit.o
ttytab              0x110             binaries/ttyinit.o
proctab             0x15e0            binaries/initialize.o
eth_a_regs          0x1c              binaries/ethinit.o
prcount             0x4               binaries/initialize.o
lfltab              0xf00             binaries/lflinit.o
rdstab              0x8c              binaries/rdsinit.o
ethertab            0x138             binaries/ethinit.o
NetData             0xb0              binaries/net.o
nmarks              0x4               binaries/mark.o
Defer               0x8               binaries/resched.o
semtab              0x4b0             binaries/initialize.o
semadc              0x4               binaries/adcinit.o
maxheap             0x4               binaries/meminit.o
preempt             0x4               binaries/clkinit.o
buftab              0xf0              binaries/bufinit.o
Rf_data             0x18              binaries/rfsinit.o
mkmutex             0x4               binaries/mark.o
clktime             0x4               binaries/clkinit.o
arpcache            0x140             binaries/arp.o
icmptab             0x230             binaries/icmp.o
nbpools             0x4               binaries/bufinit.o
read_sem            0x4               binaries/gpioinit.o
queuetab            0x980             binaries/queue.o
ptnextid            0x4               binaries/ptinit.o
Ram                 0x19000           binaries/raminit.o
ipoqueue            0x2c              binaries/ip.o
memlist             0x8               binaries/initialize.o
nametab             0x19a0            binaries/naminit.o
ptfree              0x4               binaries/ptinit.o

Memory Configuration

Name             Origin             Length             Attributes
*default*        0x00000000         0xffffffff

Linker script and memory map

                0x81000000                physbase = 0x81000000
                0x81000000                . = physbase
                0x81000000                . = ALIGN (0x1000)

.text           0x81000000    0x16000
                0x81000000                text = ABSOLUTE (.)
 *(.text .text.*)
 .text          0x81000000       0x4c binaries/start.o
                0x81000000                start
 .text          0x8100004c      0x33c binaries/ascdate.o
                0x8100004c                ascdate
 .text          0x81000388       0x18 binaries/bufinit.o
                0x81000388                bufinit
 .text          0x810003a0       0x68 binaries/chprio.o
                0x810003a0                chprio
 .text          0x81000408       0xf0 binaries/clkhandler.o
                0x81000408                clkhandler
 .text          0x810004f8       0xd4 binaries/clkinit.o
                0x810004f8                clkinit
 .text          0x810005cc       0x50 binaries/close.o
                0x810005cc                close
 .text          0x8100061c        0x0 binaries/conf.o
 .text          0x8100061c       0x68 binaries/control.o
                0x8100061c                control
 .text          0x81000684      0x290 binaries/create.o
                0x81000684                create
 .text          0x81000914       0xb0 binaries/evec.o
                0x81000914                initintc
                0x81000940                set_evec
                0x81000980                irq_dispatch
 .text          0x810009c4       0x10 binaries/exit.o
                0x810009c4                exit
 .text          0x810009d4       0x7c binaries/freebuf.o
                0x810009d4                freebuf
 .text          0x81000a50      0x148 binaries/freemem.o
                0x81000a50                freemem
 .text          0x81000b98       0x78 binaries/getbuf.o
                0x81000b98                getbuf
 .text          0x81000c10       0x50 binaries/getc.o
                0x81000c10                getc
 .text          0x81000c60       0x68 binaries/getdev.o
                0x81000c60                getdev
 .text          0x81000cc8       0xa0 binaries/getitem.o
                0x81000cc8                getitem
                0x81000cf8                getfirst
                0x81000d2c                getlast
 .text          0x81000d68      0x108 binaries/getmem.o
                0x81000d68                getmem
 .text          0x81000e70       0x10 binaries/getpid.o
                0x81000e70                getpid
 .text          0x81000e80       0x5c binaries/getprio.o
                0x81000e80                getprio
 .text          0x81000edc       0xc8 binaries/getstk.o
                0x81000edc                getstk
 .text          0x81000fa4        0x8 binaries/getticks.o
                0x81000fa4                getticks
 .text          0x81000fac       0x38 binaries/gettime.o
                0x81000fac                gettime
 .text          0x81000fe4      0x1f4 binaries/getutime.o
                0x81000fe4                getutime
 .text          0x810011d8       0x50 binaries/init.o
                0x810011d8                init
 .text          0x81001228      0x348 binaries/initialize.o
                0x810012cc                nulluser
                0x81001510                stop
                0x81001534                delay
 .text          0x81001570       0xd0 binaries/insert.o
                0x81001570                insert
 .text          0x81001640      0x134 binaries/insertd.o
                0x81001640                insertd
 .text          0x81001774        0x8 binaries/ioerr.o
                0x81001774                ioerr
 .text          0x8100177c        0x8 binaries/ionull.o
                0x8100177c                ionull
 .text          0x81001784      0x158 binaries/kill.o
                0x81001784                kill
 .text          0x810018dc       0xd0 binaries/kprintf.o
                0x810018dc                kputc
                0x8100192c                kgetc
                0x8100196c                kprintf
 .text          0x810019ac       0x70 binaries/main.o
                0x810019ac                main
 .text          0x81001a1c       0xd0 binaries/mark.o
                0x81001a1c                markinit
                0x81001a48                mark
 .text          0x81001aec       0x48 binaries/meminit.o
                0x81001aec                meminit
 .text          0x81001b34      0x140 binaries/mkbufpool.o
                0x81001b34                mkbufpool
 .text          0x81001c74       0x7c binaries/newqueue.o
                0x81001c74                newqueue
 .text          0x81001cf0       0x60 binaries/open.o
                0x81001cf0                open
 .text          0x81001d50       0x20 binaries/panic.o
                0x81001d50                panic
 .text          0x81001d70       0xac binaries/platinit.o
                0x81001d70                counterinit
                0x81001d88                platinit
 .text          0x81001e1c       0xa8 binaries/ptclear.o
                0x81001e1c                _ptclear
 .text          0x81001ec4       0x78 binaries/ptcount.o
                0x81001ec4                ptcount
 .text          0x81001f3c       0xdc binaries/ptcreate.o
                0x81001f3c                ptcreate
 .text          0x81002018       0x74 binaries/ptdelete.o
                0x81002018                ptdelete
 .text          0x8100208c       0xbc binaries/ptinit.o
                0x8100208c                ptinit
 .text          0x81002148       0xd0 binaries/ptrecv.o
                0x81002148                ptrecv
 .text          0x81002218       0x68 binaries/ptreset.o
                0x81002218                ptreset
 .text          0x81002280       0xf4 binaries/ptsend.o
                0x81002280                ptsend
 .text          0x81002374       0x58 binaries/putc.o
                0x81002374                putc
 .text          0x810023cc       0xf4 binaries/queue.o
                0x810023cc                enqueue
                0x81002464                dequeue
 .text          0x810024c0       0x60 binaries/read.o
                0x810024c0                read
 .text          0x81002520       0x74 binaries/ready.o
                0x81002520                ready
 .text          0x81002594       0x60 binaries/receive.o
                0x81002594                receive
 .text          0x810025f4       0x48 binaries/recvclr.o
                0x810025f4                recvclr
 .text          0x8100263c       0xb0 binaries/recvtime.o
                0x8100263c                recvtime
 .text          0x810026ec      0x1ac binaries/resched.o
                0x810026ec                resched
                0x810027dc                resched_cntl
 .text          0x81002898       0x90 binaries/resume.o
                0x81002898                resume
 .text          0x81002928       0x58 binaries/seek.o
                0x81002928                seek
 .text          0x81002980       0x58 binaries/semcount.o
                0x81002980                semcount
 .text          0x810029d8       0xb8 binaries/semcreate.o
                0x810029d8                semcreate
 .text          0x81002a90       0xac binaries/semdelete.o
                0x81002a90                semdelete
 .text          0x81002b3c       0xa4 binaries/semreset.o
                0x81002b3c                semreset
 .text          0x81002be0       0xc0 binaries/send.o
                0x81002be0                send
 .text          0x81002ca0       0x80 binaries/signal.o
                0x81002ca0                signal
 .text          0x81002d20       0xb0 binaries/signaln.o
                0x81002d20                signaln
 .text          0x81002dd0       0xcc binaries/sleep.o
                0x81002dd0                sleepms
                0x81002e6c                sleep
 .text          0x81002e9c       0xbc binaries/suspend.o
                0x81002e9c                suspend
 .text          0x81002f58       0xb8 binaries/unsleep.o
                0x81002f58                unsleep
 .text          0x81003010       0x10 binaries/userret.o
                0x81003010                userret
 .text          0x81003020       0xac binaries/wait.o
                0x81003020                wait
 .text          0x810030cc       0xa0 binaries/wakeup.o
                0x810030cc                wakeup
 .text          0x8100316c       0x60 binaries/write.o
                0x8100316c                write
 .text          0x810031cc       0x18 binaries/xdone.o
                0x810031cc                xdone
 .text          0x810031e4       0x20 binaries/yield.o
                0x810031e4                yield
 .text          0x81003204        0xc binaries/abs.o
                0x81003204                abs
 .text          0x81003210      0x114 binaries/atoi.o
                0x81003210                atoi
 .text          0x81003324      0x114 binaries/atol.o
                0x81003324                atol
 .text          0x81003438       0x20 binaries/bzero.o
                0x81003438                bzero
 .text          0x81003458        0x0 binaries/ctype_.o
 .text          0x81003458      0xa34 binaries/doprnt.o
                0x81003678                _doprnt
 .text          0x81003e8c      0x704 binaries/doscan.o
                0x81003e8c                _doscan
 .text          0x81004590      0x898 binaries/fdoprnt.o
                0x8100463c                _fdoprnt
 .text          0x81004e28       0x14 binaries/fgetc.o
                0x81004e28                fgetc
 .text          0x81004e3c       0x84 binaries/fgets.o
                0x81004e3c                fgets
 .text          0x81004ec0       0x3c binaries/fprintf.o
                0x81004ec0                fprintf
 .text          0x81004efc       0x24 binaries/fputc.o
                0x81004efc                fputc
 .text          0x81004f20       0x38 binaries/fputs.o
                0x81004f20                fputs
 .text          0x81004f58       0x78 binaries/fscanf.o
                0x81004f8c                fscanf
 .text          0x81004fd0       0x2c binaries/getchar.o
                0x81004fd0                getchar
 .text          0x81004ffc        0xc binaries/labs.o
                0x81004ffc                labs
 .text          0x81005008        0x0 binaries/memchr.o
 .text          0x81005008       0x60 binaries/memcmp.o
                0x81005008                memcmp
 .text          0x81005068       0x24 binaries/memcpy.o
                0x81005068                memcpy
 .text          0x8100508c       0x20 binaries/memset.o
                0x8100508c                memset
 .text          0x810050ac       0x58 binaries/printf.o
                0x810050ac                printf
 .text          0x81005104       0x2c binaries/putchar.o
                0x81005104                putchar
 .text          0x81005130      0x254 binaries/qsort.o
                0x81005364                qsort
 .text          0x81005384       0x7c binaries/rand.o
                0x81005384                rand
                0x810053bc                rand_r
                0x810053f0                srand
 .text          0x81005400       0x68 binaries/sprintf.o
                0x81005418                sprintf
 .text          0x81005468       0x78 binaries/sscanf.o
                0x8100549c                sscanf
 .text          0x810054e0       0x48 binaries/strchr.o
                0x810054e0                strchr
 .text          0x81005528       0x54 binaries/strcmp.o
                0x81005528                strcmp
 .text          0x8100557c       0x18 binaries/strcpy.o
                0x8100557c                strcpy
 .text          0x81005594       0x30 binaries/strlen.o
                0x81005594                strlen
 .text          0x810055c4       0x50 binaries/strncat.o
                0x810055c4                strncat
 .text          0x81005614       0x54 binaries/strncmp.o
                0x81005614                strncmp
 .text          0x81005668       0x80 binaries/strncpy.o
                0x81005668                strncpy
 .text          0x810056e8       0x48 binaries/strnlen.o
                0x810056e8                strnlen
 .text          0x81005730       0x58 binaries/strrchr.o
                0x81005730                strrchr
 .text          0x81005788       0xb0 binaries/strstr.o
                0x81005788                strstr
 .text          0x81005838       0xc8 binaries/ttycontrol.o
                0x81005838                ttycontrol
 .text          0x81005900       0x6c binaries/ttygetc.o
                0x81005900                ttygetc
 .text          0x8100596c      0x4d8 binaries/ttyhandle_in.o
                0x81005a38                ttyhandle_in
 .text          0x81005e44      0x14c binaries/ttyhandle_out.o
                0x81005e44                ttyhandle_out
 .text          0x81005f90       0xc8 binaries/ttyhandler.o
                0x81005f90                ttyhandler
 .text          0x81006058      0x120 binaries/ttyinit.o
                0x81006058                ttyinit
 .text          0x81006178        0xc binaries/ttykickout.o
                0x81006178                ttykickout
 .text          0x81006184       0x78 binaries/ttyputc.o
                0x81006184                ttyputc
 .text          0x810061fc      0x110 binaries/ttyread.o
                0x810061fc                ttyread
 .text          0x8100630c       0x4c binaries/ttywrite.o
                0x8100630c                ttywrite
 .text          0x81006358      0x134 binaries/mount.o
                0x81006358                namlen
                0x810063ac                mount
 .text          0x8100648c      0x1c4 binaries/naminit.o
                0x8100648c                naminit
 .text          0x81006650      0x240 binaries/nammap.o
                0x81006650                namrepl
                0x81006788                namcpy
                0x810067e4                nammap
 .text          0x81006890       0x40 binaries/namopen.o
                0x81006890                namopen
 .text          0x810068d0       0x40 binaries/ethcontrol.o
                0x810068d0                ethcontrol
 .text          0x81006910      0x178 binaries/ethhandler.o
                0x81006910                ethhandler
 .text          0x81006a88      0x734 binaries/ethinit.o
                0x81006a88                eth_phy_read
                0x81006af8                eth_phy_write
                0x81006b50                eth_phy_reset
                0x81006cc0                ethinit
 .text          0x810071bc       0xd8 binaries/ethread.o
                0x810071bc                ethread
 .text          0x81007294       0xf0 binaries/ethwrite.o
                0x81007294                ethwrite
 .text          0x81007384       0x90 binaries/rdsbufalloc.o
                0x81007384                rdsbufalloc
 .text          0x81007414       0xa0 binaries/rdsclose.o
                0x81007414                rdsclose
 .text          0x810074b4      0x20c binaries/rdscomm.o
                0x810074b4                rdscomm
 .text          0x810076c0      0x1a0 binaries/rdscontrol.o
                0x810076c0                rdscontrol
 .text          0x81007860      0x180 binaries/rdsinit.o
                0x81007860                rdsinit
 .text          0x810079e0      0x134 binaries/rdsopen.o
                0x810079e0                rdsopen
 .text          0x81007b14      0x304 binaries/rdsprocess.o
                0x81007b14                rdsprocess
 .text          0x81007e18      0x210 binaries/rdsread.o
                0x81007e18                rdsread
 .text          0x81008028      0x184 binaries/rdswrite.o
                0x81008028                rdswrite
 .text          0x810081ac        0x8 binaries/ramclose.o
                0x810081ac                ramclose
 .text          0x810081b4       0x3c binaries/raminit.o
                0x810081b4                raminit
 .text          0x810081f0        0x8 binaries/ramopen.o
                0x810081f0                ramopen
 .text          0x810081f8       0x24 binaries/ramread.o
                0x810081f8                ramread
 .text          0x8100821c       0x20 binaries/ramwrite.o
                0x8100821c                ramwrite
 .text          0x8100823c       0x94 binaries/lfdballoc.o
                0x8100823c                lfdballoc
 .text          0x810082d0       0x4c binaries/lfdbfree.o
                0x810082d0                lfdbfree
 .text          0x8100831c       0xb8 binaries/lfflush.o
                0x8100831c                lfflush
 .text          0x810083d4       0xc8 binaries/lfgetmode.o
                0x810083d4                lfgetmode
 .text          0x8100849c       0x6c binaries/lfiballoc.o
                0x8100849c                lfiballoc
 .text          0x81008508       0x30 binaries/lfibclear.o
                0x81008508                lfibclear
 .text          0x81008538       0x64 binaries/lfibget.o
                0x81008538                lfibget
 .text          0x8100859c       0x8c binaries/lfibput.o
                0x8100859c                lfibput
 .text          0x81008628       0x84 binaries/lflclose.o
                0x81008628                lflclose
 .text          0x810086ac       0xa0 binaries/lflcontrol.o
                0x810086ac                lflcontrol
 .text          0x8100874c       0xa8 binaries/lflgetc.o
                0x8100874c                lflgetc
 .text          0x810087f4       0xa8 binaries/lflinit.o
                0x810087f4                lflinit
 .text          0x8100889c       0xdc binaries/lflputc.o
                0x8100889c                lflputc
 .text          0x81008978       0x78 binaries/lflread.o
                0x81008978                lflread
 .text          0x810089f0       0x80 binaries/lflseek.o
                0x810089f0                lflseek
 .text          0x81008a70       0x5c binaries/lflwrite.o
                0x81008a70                lflwrite
 .text          0x81008acc       0xa0 binaries/lfscheck.o
                0x81008acc                lfscheck
 .text          0x81008b6c      0x144 binaries/lfsckfmt.o
                0x81008b6c                lfsckfmt
 .text          0x81008cb0      0x15c binaries/lfscreate.o
                0x81008cb0                lfscreate
 .text          0x81008e0c      0x1f0 binaries/lfsetup.o
                0x81008e0c                lfsetup
 .text          0x81008ffc       0x44 binaries/lfsinit.o
                0x81008ffc                lfsinit
 .text          0x81009040      0x358 binaries/lfsopen.o
                0x81009040                lfsopen
 .text          0x81009398      0x108 binaries/lftruncate.o
                0x81009398                lftruncate
 .text          0x810094a0       0x70 binaries/rflclose.o
                0x810094a0                rflclose
 .text          0x81009510       0x28 binaries/rflgetc.o
                0x81009510                rflgetc
 .text          0x81009538       0x54 binaries/rflinit.o
                0x81009538                rflinit
 .text          0x8100958c       0x30 binaries/rflputc.o
                0x8100958c                rflputc
 .text          0x810095bc      0x28c binaries/rflread.o
                0x810095bc                rflread
 .text          0x81009848       0x74 binaries/rflseek.o
                0x81009848                rflseek
 .text          0x810098bc      0x2c8 binaries/rflwrite.o
                0x810098bc                rflwrite
 .text          0x81009b84      0x198 binaries/rfscomm.o
                0x81009b84                rfscomm
 .text          0x81009d1c      0x224 binaries/rfscontrol.o
                0x81009d1c                rfscontrol
 .text          0x81009f40       0xc8 binaries/rfsgetmode.o
                0x81009f40                rfsgetmode
 .text          0x8100a008       0x84 binaries/rfsinit.o
                0x8100a008                rfsinit
 .text          0x8100a08c       0xa4 binaries/rfsndmsg.o
                0x8100a08c                rfsndmsg
 .text          0x8100a130      0x22c binaries/rfsopen.o
                0x8100a130                rfsopen
 .text          0x8100a35c       0x8c binaries/spicontrol.o
                0x8100a35c                spicontrol
 .text          0x8100a3e8       0xa8 binaries/spiinit.o
                0x8100a3e8                spiinit
 .text          0x8100a490       0x48 binaries/gpiohandler.o
                0x8100a490                gpiohandler
 .text          0x8100a4d8      0x164 binaries/gpioinit.o
                0x8100a4d8                clk_configure
                0x8100a528                configure_gpio_registers
                0x8100a590                gpioinit
 .text          0x8100a63c       0x84 binaries/gpioread.o
                0x8100a63c                gpioread
 .text          0x8100a6c0       0x74 binaries/gpiowrite.o
                0x8100a6c0                gpiowrite
 .text          0x8100a734       0x38 binaries/adchandler.o
                0x8100a734                adchandler
 .text          0x8100a76c      0x744 binaries/adcinit.o
                0x8100a76c                InitialL4Clock
                0x8100a8d8                initadcinterrupt
                0x8100a91c                TestRegAddress
                0x8100ac10                ADCStepConfig
                0x8100ac80                ADCStepAnalogSupplyConfig
                0x8100acd4                ADCStepAnalogGroundConfig
                0x8100ad44                adcinit
 .text          0x8100aeb0       0xbc binaries/adcread.o
                0x8100aeb0                adcread
 .text          0x8100af6c      0x714 binaries/arp.o
                0x8100af6c                arp_init
                0x8100af8c                arp_alloc
                0x8100b060                arp_ntoh
                0x8100b104                arp_hton
                0x8100b1a8                arp_resolve
                0x8100b40c                arp_in
 .text          0x8100b680      0x6b0 binaries/dhcp.o
                0x8100b680                dhcp_get_opt_val
                0x8100b6e0                dhcp_bld_bootp_msg
                0x8100b7d8                dhcp_bld_disc
                0x8100b82c                dhcp_bld_req
                0x8100b8f0                getlocalip
 .text          0x8100bd30      0x56c binaries/dns.o
                0x8100be18                dnslookup
 .text          0x8100c29c      0x120 binaries/dot2ip.o
                0x8100c29c                dot2ip
 .text          0x8100c3bc      0x33c binaries/hexdump.o
                0x8100c3bc                hexdump
                0x8100c51c                hexadump
 .text          0x8100c6f8      0x660 binaries/icmp.o
                0x8100c6f8                icmp_init
                0x8100c71c                icmp_register
                0x8100c7d8                icmp_recv
                0x8100c928                icmp_mkpkt
                0x8100ca18                icmp_in
                0x8100cb64                icmp_send
                0x8100cbd4                icmp_release
                0x8100cc90                icmp_cksum
                0x8100ccf0                icmp_hton
                0x8100cd24                icmp_ntoh
 .text          0x8100cd58      0x674 binaries/ip.o
                0x8100cd58                ip_local
                0x8100cd88                ipcksum
                0x8100cdcc                ip_ntoh
                0x8100ce70                ip_in
                0x8100cfac                ip_hton
                0x8100d050                ip_out
                0x8100d104                ip_send
                0x8100d234                ipout
                0x8100d330                ip_enqueue
 .text          0x8100d3cc      0x228 binaries/net.o
                0x8100d3cc                net_init
                0x8100d4d4                eth_hton
                0x8100d4e8                eth_ntoh
                0x8100d4fc                netin
                0x8100d5a4                getport
 .text          0x8100d5f4      0x9dc binaries/pdump.o
                0x8100d5f4                pdump
                0x8100db80                pdumph
 .text          0x8100dfd0      0x56c binaries/tftp.o
                0x8100dfd0                tftp_send1
                0x8100e0bc                tftpget_mb
                0x8100e508                tftpget
 .text          0x8100e53c      0x890 binaries/udp.o
                0x8100e53c                udp_init
                0x8100e564                udp_in
                0x8100e650                udp_register
                0x8100e74c                udp_recv
                0x8100e880                udp_recvaddr
                0x8100e9d0                udp_send
                0x8100eb48                udp_sendto
                0x8100eca8                udp_release
                0x8100ed64                udp_ntoh
                0x8100ed98                udp_hton
 .text          0x8100edcc      0x120 binaries/addargs.o
                0x8100edcc                addargs
 .text          0x8100eeec      0x2b4 binaries/lexan.o
                0x8100eeec                lexan
 .text          0x8100f1a0      0x6ac binaries/shell.o
                0x8100f1a0                shell
 .text          0x8100f84c       0x64 binaries/xsh_argecho.o
                0x8100f84c                xsh_argecho
 .text          0x8100f8b0      0x1f8 binaries/xsh_arp.o
                0x8100f8b0                xsh_arp
 .text          0x8100faa8      0x23c binaries/xsh_cat.o
                0x8100faa8                xsh_cat
 .text          0x8100fce4       0x5c binaries/xsh_clear.o
                0x8100fce4                xsh_clear
 .text          0x8100fd40      0x29c binaries/xsh_date.o
                0x8100fd40                xsh_date
 .text          0x8100ffdc       0x98 binaries/xsh_devdump.o
                0x8100ffdc                xsh_devdump
 .text          0x81010074       0x68 binaries/xsh_echo.o
                0x81010074                xsh_echo
 .text          0x810100dc        0x8 binaries/xsh_exit.o
                0x810100dc                xsh_exit
 .text          0x810100e4      0x3d0 binaries/xsh_help.o
                0x810100e4                xsh_help
 .text          0x810104b4      0x1f8 binaries/xsh_kill.o
                0x810104b4                xsh_kill
 .text          0x810106ac      0x490 binaries/xsh_memdump.o
                0x810107a8                xsh_memdump
 .text          0x81010b3c      0x224 binaries/xsh_memstat.o
                0x81010b3c                xsh_memstat
 .text          0x81010d60      0x3fc binaries/xsh_netinfo.o
                0x81010d60                xsh_netinfo
 .text          0x8101115c      0x3b0 binaries/xsh_ping.o
                0x8101115c                xsh_ping
 .text          0x8101150c      0x220 binaries/xsh_ps.o
                0x8101150c                xsh_ps
 .text          0x8101172c      0x1cc binaries/xsh_sleep.o
                0x8101172c                xsh_sleep
 .text          0x810118f8      0x244 binaries/xsh_udpdump.o
                0x810118f8                xsh_udpdump
 .text          0x81011b3c      0x400 binaries/xsh_udpecho.o
                0x81011b3c                xsh_udpecho
 .text          0x81011f3c      0x254 binaries/xsh_udpserver.o
                0x81011f3c                xsh_udpeserver
 .text          0x81012190      0x1ac binaries/xsh_uptime.o
                0x81012190                xsh_uptime
 .text          0x8101233c       0x2c binaries/ctxsw.o
                0x8101233c                ctxsw
 .text          0x81012368      0x100 binaries/intr.o
                0x81012368                disable
                0x81012374                restore
                0x81012398                enable
                0x810123a0                pause
                0x810123a0                halt
                0x810123a8                irq_except
                0x810123d8                initevec
                0x81012438                expjmpinstr
 .text          0x81012468      0x114 ../cross_compiler/lib/gcc/arm-none-eabi/4.8.1//libgcc.a(_udivsi3.o)
                0x81012468                __udivsi3
                0x81012468                __aeabi_uidiv
                0x8101255c                __aeabi_uidivmod
 .text          0x8101257c      0x148 ../cross_compiler/lib/gcc/arm-none-eabi/4.8.1//libgcc.a(_divsi3.o)
                0x8101257c                __aeabi_idiv
                0x8101257c                __divsi3
                0x810126a4                __aeabi_idivmod
 .text          0x810126c4        0x4 ../cross_compiler/lib/gcc/arm-none-eabi/4.8.1//libgcc.a(_dvmd_tls.o)
                0x810126c4                __aeabi_ldiv0
                0x810126c4                __aeabi_idiv0
 .text          0x810126c8      0x49c ../cross_compiler/lib/gcc/arm-none-eabi/4.8.1//libgcc.a(_arm_muldivdf3.o)
                0x810126c8                __aeabi_dmul
                0x810126c8                __muldf3
                0x81012958                __aeabi_ddiv
                0x81012958                __divdf3
 .text          0x81012b64      0x144 ../cross_compiler/lib/gcc/arm-none-eabi/4.8.1//libgcc.a(_arm_cmpdf2.o)
                0x81012b64                __gtdf2
                0x81012b64                __gedf2
                0x81012b6c                __ltdf2
                0x81012b6c                __ledf2
                0x81012b74                __cmpdf2
                0x81012b74                __eqdf2
                0x81012b74                __nedf2
                0x81012bfc                __aeabi_cdrcmple
                0x81012c18                __aeabi_cdcmple
                0x81012c18                __aeabi_cdcmpeq
                0x81012c30                __aeabi_dcmpeq
                0x81012c48                __aeabi_dcmplt
                0x81012c60                __aeabi_dcmple
                0x81012c78                __aeabi_dcmpge
                0x81012c90                __aeabi_dcmpgt
 .text          0x81012ca8       0x5c ../cross_compiler/lib/gcc/arm-none-eabi/4.8.1//libgcc.a(_arm_fixdfsi.o)
                0x81012ca8                __fixdfsi
                0x81012ca8                __aeabi_d2iz
 *(.rodata .rodata.*)
 .rodata.str1.4
                0x81012d04       0x78 binaries/ascdate.o
 .rodata.str1.4
                0x81012d7c       0xe8 binaries/conf.o
 .rodata.str1.4
                0x81012e64       0x61 binaries/getutime.o
                                 0x64 (size before relaxing)
 *fill*         0x81012ec5        0x3 
 .rodata.str1.4
                0x81012ec8      0x188 binaries/initialize.o
                                0x18c (size before relaxing)
 .rodata.str1.4
                0x81013050       0x1c binaries/main.o
 .rodata.str1.4
                0x8101306c        0xf binaries/panic.o
                                 0x10 (size before relaxing)
 *fill*         0x8101307b        0x1 
 .rodata.str1.4
                0x8101307c       0x1d binaries/ptinit.o
                                 0x20 (size before relaxing)
 *fill*         0x81013099        0x3 
 .rodata.str1.4
                0x8101309c       0x25 binaries/ptsend.o
                                 0x28 (size before relaxing)
 *fill*         0x810130c1        0x3 
 .rodata.str1.4
                0x810130c4       0x27 binaries/xdone.o
                                 0x28 (size before relaxing)
 *fill*         0x810130eb        0x1 
 .rodata        0x810130ec       0x84 binaries/ctype_.o
                0x810130ec                _ctype_
 .rodata.str1.4
                0x81013170       0x2f binaries/doprnt.o
                                 0x30 (size before relaxing)
 .rodata.str1.4
                0x00000000       0x30 binaries/fdoprnt.o
 *fill*         0x8101319f        0x1 
 .rodata.str1.4
                0x810131a0       0x86 binaries/naminit.o
                                 0x90 (size before relaxing)
 *fill*         0x81013226        0x2 
 .rodata.str1.4
                0x81013228       0xe5 binaries/ethinit.o
                                 0xe8 (size before relaxing)
 *fill*         0x8101330d        0x3 
 .rodata.str1.4
                0x81013310       0x12 binaries/ethread.o
                                 0x14 (size before relaxing)
 *fill*         0x81013322        0x2 
 .rodata.str1.4
                0x81013324       0x2c binaries/rdsbufalloc.o
 .rodata.str1.4
                0x81013350       0x76 binaries/rdscomm.o
                                 0x78 (size before relaxing)
 *fill*         0x810133c6        0x2 
 .rodata.str1.4
                0x810133c8       0x48 binaries/rdscontrol.o
 .rodata.str1.4
                0x81013410       0x96 binaries/rdsinit.o
                                 0x98 (size before relaxing)
 *fill*         0x810134a6        0x2 
 .rodata.str1.4
                0x810134a8       0x22 binaries/rdsopen.o
                                 0x24 (size before relaxing)
 *fill*         0x810134ca        0x2 
 .rodata.str1.4
                0x810134cc       0x4d binaries/rdsprocess.o
                                 0x50 (size before relaxing)
 *fill*         0x81013519        0x3 
 .rodata.str1.4
                0x8101351c        0x9 binaries/raminit.o
                                  0xc (size before relaxing)
 *fill*         0x81013525        0x3 
 .rodata.str1.4
                0x81013528       0x37 binaries/lfdballoc.o
                                 0x38 (size before relaxing)
 *fill*         0x8101355f        0x1 
 .rodata.str1.4
                0x81013560       0x14 binaries/lfiballoc.o
 .rodata.str1.4
                0x81013574       0x23 binaries/lflcontrol.o
                                 0x24 (size before relaxing)
 *fill*         0x81013597        0x1 
 .rodata.str1.4
                0x81013598      0x11f binaries/lfsckfmt.o
                                0x120 (size before relaxing)
 *fill*         0x810136b7        0x1 
 .rodata.str1.4
                0x810136b8       0x2a binaries/lfsopen.o
                                 0x2c (size before relaxing)
 *fill*         0x810136e2        0x2 
 .rodata.str1.4
                0x810136e4       0x21 binaries/rflread.o
                                 0x24 (size before relaxing)
 .rodata.str1.4
                0x00000000       0x24 binaries/rflwrite.o
 *fill*         0x81013705        0x3 
 .rodata.str1.4
                0x81013708       0x75 binaries/rfscomm.o
                                 0x78 (size before relaxing)
 *fill*         0x8101377d        0x3 
 .rodata.str1.4
                0x81013780       0x23 binaries/rfscontrol.o
                                 0x24 (size before relaxing)
 *fill*         0x810137a3        0x1 
 .rodata.str1.4
                0x810137a4       0x63 binaries/rfsinit.o
                                 0x64 (size before relaxing)
 *fill*         0x81013807        0x1 
 .rodata.str1.4
                0x81013808       0x2a binaries/rfsndmsg.o
                                 0x2c (size before relaxing)
 .rodata.str1.4
                0x00000000       0x24 binaries/rfsopen.o
 *fill*         0x81013832        0x2 
 .rodata.str1.4
                0x81013834       0x15 binaries/gpiohandler.o
                                 0x18 (size before relaxing)
 *fill*         0x81013849        0x3 
 .rodata.str1.4
                0x8101384c       0x7f binaries/gpioinit.o
                                 0x80 (size before relaxing)
 *fill*         0x810138cb        0x1 
 .rodata.str1.4
                0x810138cc       0x36 binaries/gpioread.o
                                 0x68 (size before relaxing)
 *fill*         0x81013902        0x2 
 .rodata.str1.4
                0x81013904        0xf binaries/gpiowrite.o
                                 0x10 (size before relaxing)
 *fill*         0x81013913        0x1 
 .rodata.str1.4
                0x81013914      0x301 binaries/adcinit.o
                                0x304 (size before relaxing)
 *fill*         0x81013c15        0x3 
 .rodata.str1.4
                0x81013c18       0x4e binaries/adcread.o
                                 0x50 (size before relaxing)
 *fill*         0x81013c66        0x2 
 .rodata.str1.4
                0x81013c68       0x3d binaries/arp.o
                                 0x40 (size before relaxing)
 *fill*         0x81013ca5        0x3 
 .rodata.str1.4
                0x81013ca8       0xd3 binaries/dhcp.o
                                 0xd4 (size before relaxing)
 *fill*         0x81013d7b        0x1 
 .rodata.str1.4
                0x81013d7c       0x1a binaries/dns.o
                                 0x1c (size before relaxing)
 *fill*         0x81013d96        0x2 
 .rodata.str1.4
                0x81013d98       0xca binaries/hexdump.o
                                 0xd8 (size before relaxing)
 *fill*         0x81013e62        0x2 
 .rodata.str1.4
                0x81013e64       0x29 binaries/icmp.o
                                 0x2c (size before relaxing)
 *fill*         0x81013e8d        0x3 
 .rodata.str1.4
                0x81013e90       0x6e binaries/ip.o
                                 0x70 (size before relaxing)
 *fill*         0x81013efe        0x2 
 .rodata.str1.4
                0x81013f00       0x53 binaries/net.o
                                 0x54 (size before relaxing)
 *fill*         0x81013f53        0x1 
 .rodata.str1.4
                0x81013f54      0x292 binaries/pdump.o
                                0x298 (size before relaxing)
 *fill*         0x810141e6        0x2 
 .rodata.str1.4
                0x810141e8      0x154 binaries/tftp.o
                                0x158 (size before relaxing)
 .rodata        0x8101433c       0xfc binaries/shell.o
                0x8101433c                cmdtab
 .rodata.str1.4
                0x81014438      0x2e6 binaries/shell.o
                                0x2f0 (size before relaxing)
 *fill*         0x8101471e        0x2 
 .rodata.str1.4
                0x81014720       0x29 binaries/xsh_argecho.o
                                 0x30 (size before relaxing)
 *fill*         0x81014749        0x3 
 .rodata.str1.4
                0x8101474c      0x13e binaries/xsh_arp.o
                                0x144 (size before relaxing)
 *fill*         0x8101488a        0x2 
 .rodata.str1.4
                0x8101488c       0x81 binaries/xsh_cat.o
                                 0xd4 (size before relaxing)
 *fill*         0x8101490d        0x3 
 .rodata.str1.4
                0x81014910       0x19 binaries/xsh_clear.o
                                 0x1c (size before relaxing)
 *fill*         0x81014929        0x3 
 .rodata.str1.4
                0x8101492c      0x1af binaries/xsh_date.o
                                0x1cc (size before relaxing)
 *fill*         0x81014adb        0x1 
 .rodata.str1.4
                0x81014adc       0x61 binaries/xsh_devdump.o
                                 0x64 (size before relaxing)
 *fill*         0x81014b3d        0x3 
 .rodata.str1.4
                0x81014b40        0x8 binaries/xsh_echo.o
                                  0xc (size before relaxing)
 .rodata.str1.4
                0x81014b48       0xe7 binaries/xsh_help.o
                                0x17c (size before relaxing)
 *fill*         0x81014c2f        0x1 
 .rodata.str1.4
                0x81014c30       0xc8 binaries/xsh_kill.o
                                0x138 (size before relaxing)
 .rodata.str1.4
                0x81014cf8      0x226 binaries/xsh_memdump.o
                                0x27c (size before relaxing)
 *fill*         0x81014f1e        0x2 
 .rodata.str1.4
                0x81014f20      0x1cc binaries/xsh_memstat.o
                                0x234 (size before relaxing)
 .rodata.str1.4
                0x810150ec      0x10f binaries/xsh_netinfo.o
                                0x1cc (size before relaxing)
 *fill*         0x810151fb        0x1 
 .rodata.str1.4
                0x810151fc      0x13f binaries/xsh_ping.o
                                0x1b4 (size before relaxing)
 *fill*         0x8101533b        0x1 
 .rodata        0x8101533c       0x20 binaries/xsh_ps.o
 .rodata.str1.4
                0x8101535c      0x11a binaries/xsh_ps.o
                                0x1d4 (size before relaxing)
 *fill*         0x81015476        0x2 
 .rodata.str1.4
                0x81015478       0x5e binaries/xsh_sleep.o
                                 0xf8 (size before relaxing)
 *fill*         0x810154d6        0x2 
 .rodata        0x810154d8        0xc binaries/xsh_udpdump.o
 .rodata.str1.4
                0x810154e4      0x122 binaries/xsh_udpdump.o
                                0x1e0 (size before relaxing)
 *fill*         0x81015606        0x2 
 .rodata.str1.4
                0x81015608      0x1ae binaries/xsh_udpecho.o
                                0x224 (size before relaxing)
 *fill*         0x810157b6        0x2 
 .rodata.str1.4
                0x810157b8       0x97 binaries/xsh_udpserver.o
                                0x13c (size before relaxing)
 *fill*         0x8101584f        0x1 
 .rodata.str1.4
                0x81015850       0x78 binaries/xsh_uptime.o
                                0x114 (size before relaxing)
                0x810158c8                etext = ABSOLUTE (.)
                0x81016000                . = ALIGN (0x1000)
 *fill*         0x810158c8      0x738 

.glue_7         0x81016000        0x0
 .glue_7        0x00000000        0x0 linker stubs

.glue_7t        0x81016000        0x0
 .glue_7t       0x00000000        0x0 linker stubs

.vfp11_veneer   0x81016000        0x0
 .vfp11_veneer  0x00000000        0x0 linker stubs

.v4_bx          0x81016000        0x0
 .v4_bx         0x00000000        0x0 linker stubs

.iplt           0x81016000        0x0
 .iplt          0x00000000        0x0 binaries/start.o

.rel.dyn        0x81016000        0x0
 .rel.iplt      0x00000000        0x0 binaries/start.o

.data           0x81016000     0x1000
                0x81016000                data = ABSOLUTE (.)
 *(.data .data.*)
 .data          0x81016000        0x0 binaries/start.o
 .data          0x81016000       0x88 binaries/ascdate.o
                0x81016000                Date
 .data          0x81016088        0x0 binaries/bufinit.o
 .data          0x81016088        0x0 binaries/chprio.o
 .data          0x81016088        0x4 binaries/clkhandler.o
 .data          0x8101608c        0x0 binaries/clkinit.o
 .data          0x8101608c        0x0 binaries/close.o
 .data          0x8101608c      0x690 binaries/conf.o
                0x8101608c                devtab
 .data          0x8101671c        0x0 binaries/control.o
 .data          0x8101671c        0x4 binaries/create.o
 .data          0x81016720       0x40 binaries/evec.o
                0x81016720                expmsg2
                0x81016734                expmsg1
 .data          0x81016760        0x0 binaries/exit.o
 .data          0x81016760        0x0 binaries/freebuf.o
 .data          0x81016760        0x0 binaries/freemem.o
 .data          0x81016760        0x0 binaries/getbuf.o
 .data          0x81016760        0x0 binaries/getc.o
 .data          0x81016760        0x0 binaries/getdev.o
 .data          0x81016760        0x0 binaries/getitem.o
 .data          0x81016760        0x0 binaries/getmem.o
 .data          0x81016760        0x0 binaries/getpid.o
 .data          0x81016760        0x0 binaries/getprio.o
 .data          0x81016760        0x0 binaries/getstk.o
 .data          0x81016760        0x0 binaries/getticks.o
 .data          0x81016760        0x0 binaries/gettime.o
 .data          0x81016760        0x0 binaries/getutime.o
 .data          0x81016760        0x0 binaries/init.o
 .data          0x81016760        0x0 binaries/initialize.o
 .data          0x81016760        0x0 binaries/insert.o
 .data          0x81016760        0x0 binaries/insertd.o
 .data          0x81016760        0x0 binaries/ioerr.o
 .data          0x81016760        0x0 binaries/ionull.o
 .data          0x81016760        0x0 binaries/kill.o
 .data          0x81016760        0x0 binaries/kprintf.o
 .data          0x81016760        0x0 binaries/main.o
 .data          0x81016760        0x0 binaries/mark.o
 .data          0x81016760        0x0 binaries/meminit.o
 .data          0x81016760        0x0 binaries/mkbufpool.o
 .data          0x81016760        0x2 binaries/newqueue.o
 .data          0x81016762        0x0 binaries/open.o
 .data          0x81016762        0x0 binaries/panic.o
 .data          0x81016762        0x0 binaries/platinit.o
 .data          0x81016762        0x0 binaries/ptclear.o
 .data          0x81016762        0x0 binaries/ptcount.o
 .data          0x81016762        0x0 binaries/ptcreate.o
 .data          0x81016762        0x0 binaries/ptdelete.o
 .data          0x81016762        0x0 binaries/ptinit.o
 .data          0x81016762        0x0 binaries/ptrecv.o
 .data          0x81016762        0x0 binaries/ptreset.o
 .data          0x81016762        0x0 binaries/ptsend.o
 .data          0x81016762        0x0 binaries/putc.o
 .data          0x81016762        0x0 binaries/queue.o
 .data          0x81016762        0x0 binaries/read.o
 .data          0x81016762        0x0 binaries/ready.o
 .data          0x81016762        0x0 binaries/receive.o
 .data          0x81016762        0x0 binaries/recvclr.o
 .data          0x81016762        0x0 binaries/recvtime.o
 .data          0x81016762        0x0 binaries/resched.o
 .data          0x81016762        0x0 binaries/resume.o
 .data          0x81016762        0x0 binaries/seek.o
 .data          0x81016762        0x0 binaries/semcount.o
 .data          0x81016762        0x0 binaries/semcreate.o
 .data          0x81016762        0x0 binaries/semdelete.o
 .data          0x81016762        0x0 binaries/semreset.o
 .data          0x81016762        0x0 binaries/send.o
 .data          0x81016762        0x0 binaries/signal.o
 .data          0x81016762        0x0 binaries/signaln.o
 .data          0x81016762        0x0 binaries/sleep.o
 .data          0x81016762        0x0 binaries/suspend.o
 .data          0x81016762        0x0 binaries/unsleep.o
 .data          0x81016762        0x0 binaries/userret.o
 .data          0x81016762        0x0 binaries/wait.o
 .data          0x81016762        0x0 binaries/wakeup.o
 .data          0x81016762        0x0 binaries/write.o
 .data          0x81016762        0x0 binaries/xdone.o
 .data          0x81016762        0x0 binaries/yield.o
 .data          0x81016762        0x0 binaries/abs.o
 .data          0x81016762        0x0 binaries/atoi.o
 .data          0x81016762        0x0 binaries/atol.o
 .data          0x81016762        0x0 binaries/bzero.o
 .data          0x81016762        0x0 binaries/ctype_.o
 .data          0x81016762        0x0 binaries/doprnt.o
 *fill*         0x81016762        0x2 
 .data          0x81016764       0x80 binaries/doscan.o
                0x81016764                _sctab
 .data          0x810167e4        0x0 binaries/fdoprnt.o
 .data          0x810167e4        0x0 binaries/fgetc.o
 .data          0x810167e4        0x0 binaries/fgets.o
 .data          0x810167e4        0x0 binaries/fprintf.o
 .data          0x810167e4        0x0 binaries/fputc.o
 .data          0x810167e4        0x0 binaries/fputs.o
 .data          0x810167e4        0x0 binaries/fscanf.o
 .data          0x810167e4        0x0 binaries/getchar.o
 .data          0x810167e4        0x0 binaries/labs.o
 .data          0x810167e4        0x0 binaries/memchr.o
 .data          0x810167e4        0x0 binaries/memcmp.o
 .data          0x810167e4        0x0 binaries/memcpy.o
 .data          0x810167e4        0x0 binaries/memset.o
 .data          0x810167e4        0x0 binaries/printf.o
 .data          0x810167e4        0x0 binaries/putchar.o
 .data          0x810167e4        0x0 binaries/qsort.o
 .data          0x810167e4        0x4 binaries/rand.o
 .data          0x810167e8        0x0 binaries/sprintf.o
 .data          0x810167e8        0x0 binaries/sscanf.o
 .data          0x810167e8        0x0 binaries/strchr.o
 .data          0x810167e8        0x0 binaries/strcmp.o
 .data          0x810167e8        0x0 binaries/strcpy.o
 .data          0x810167e8        0x0 binaries/strlen.o
 .data          0x810167e8        0x0 binaries/strncat.o
 .data          0x810167e8        0x0 binaries/strncmp.o
 .data          0x810167e8        0x0 binaries/strncpy.o
 .data          0x810167e8        0x0 binaries/strnlen.o
 .data          0x810167e8        0x0 binaries/strrchr.o
 .data          0x810167e8        0x0 binaries/strstr.o
 .data          0x810167e8        0x0 binaries/ttycontrol.o
 .data          0x810167e8        0x0 binaries/ttygetc.o
 .data          0x810167e8        0x0 binaries/ttyhandle_in.o
 .data          0x810167e8        0x0 binaries/ttyhandle_out.o
 .data          0x810167e8        0x0 binaries/ttyhandler.o
 .data          0x810167e8        0x0 binaries/ttyinit.o
 .data          0x810167e8        0x0 binaries/ttykickout.o
 .data          0x810167e8        0x0 binaries/ttyputc.o
 .data          0x810167e8        0x0 binaries/ttyread.o
 .data          0x810167e8        0x0 binaries/ttywrite.o
 .data          0x810167e8        0x0 binaries/mount.o
 .data          0x810167e8        0x0 binaries/naminit.o
 .data          0x810167e8        0x0 binaries/nammap.o
 .data          0x810167e8        0x0 binaries/namopen.o
 .data          0x810167e8        0x0 binaries/ethcontrol.o
 .data          0x810167e8        0x0 binaries/ethhandler.o
 .data          0x810167e8        0x0 binaries/ethinit.o
 .data          0x810167e8        0x0 binaries/ethread.o
 .data          0x810167e8        0x0 binaries/ethwrite.o
 .data          0x810167e8        0x0 binaries/rdsbufalloc.o
 .data          0x810167e8        0x0 binaries/rdsclose.o
 .data          0x810167e8        0x0 binaries/rdscomm.o
 .data          0x810167e8        0x0 binaries/rdscontrol.o
 .data          0x810167e8        0x0 binaries/rdsinit.o
 .data          0x810167e8        0x0 binaries/rdsopen.o
 .data          0x810167e8        0x0 binaries/rdsprocess.o
 .data          0x810167e8        0x0 binaries/rdsread.o
 .data          0x810167e8        0x0 binaries/rdswrite.o
 .data          0x810167e8        0x0 binaries/ramclose.o
 .data          0x810167e8        0x0 binaries/raminit.o
 .data          0x810167e8        0x0 binaries/ramopen.o
 .data          0x810167e8        0x0 binaries/ramread.o
 .data          0x810167e8        0x0 binaries/ramwrite.o
 .data          0x810167e8        0x0 binaries/lfdballoc.o
 .data          0x810167e8        0x0 binaries/lfdbfree.o
 .data          0x810167e8        0x0 binaries/lfflush.o
 .data          0x810167e8        0x0 binaries/lfgetmode.o
 .data          0x810167e8        0x0 binaries/lfiballoc.o
 .data          0x810167e8        0x0 binaries/lfibclear.o
 .data          0x810167e8        0x0 binaries/lfibget.o
 .data          0x810167e8        0x0 binaries/lfibput.o
 .data          0x810167e8        0x0 binaries/lflclose.o
 .data          0x810167e8        0x0 binaries/lflcontrol.o
 .data          0x810167e8        0x0 binaries/lflgetc.o
 .data          0x810167e8        0x0 binaries/lflinit.o
 .data          0x810167e8        0x0 binaries/lflputc.o
 .data          0x810167e8        0x0 binaries/lflread.o
 .data          0x810167e8        0x0 binaries/lflseek.o
 .data          0x810167e8        0x0 binaries/lflwrite.o
 .data          0x810167e8        0x0 binaries/lfscheck.o
 .data          0x810167e8        0x0 binaries/lfsckfmt.o
 .data          0x810167e8        0x0 binaries/lfscreate.o
 .data          0x810167e8        0x0 binaries/lfsetup.o
 .data          0x810167e8        0x0 binaries/lfsinit.o
 .data          0x810167e8        0x0 binaries/lfsopen.o
 .data          0x810167e8        0x0 binaries/lftruncate.o
 .data          0x810167e8        0x0 binaries/rflclose.o
 .data          0x810167e8        0x0 binaries/rflgetc.o
 .data          0x810167e8        0x0 binaries/rflinit.o
 .data          0x810167e8        0x0 binaries/rflputc.o
 .data          0x810167e8        0x0 binaries/rflread.o
 .data          0x810167e8        0x0 binaries/rflseek.o
 .data          0x810167e8        0x0 binaries/rflwrite.o
 .data          0x810167e8        0x0 binaries/rfscomm.o
 .data          0x810167e8        0x0 binaries/rfscontrol.o
 .data          0x810167e8        0x0 binaries/rfsgetmode.o
 .data          0x810167e8        0x0 binaries/rfsinit.o
 .data          0x810167e8        0x0 binaries/rfsndmsg.o
 .data          0x810167e8        0x0 binaries/rfsopen.o
 .data          0x810167e8        0x0 binaries/spicontrol.o
 .data          0x810167e8        0x0 binaries/spiinit.o
 .data          0x810167e8        0x0 binaries/gpiohandler.o
 .data          0x810167e8        0x0 binaries/gpioinit.o
 .data          0x810167e8        0x0 binaries/gpioread.o
 .data          0x810167e8        0x0 binaries/gpiowrite.o
 .data          0x810167e8        0x0 binaries/adchandler.o
 .data          0x810167e8        0x0 binaries/adcinit.o
 .data          0x810167e8        0x0 binaries/adcread.o
 .data          0x810167e8        0x0 binaries/arp.o
 .data          0x810167e8        0x0 binaries/dhcp.o
 .data          0x810167e8        0x0 binaries/dns.o
 .data          0x810167e8        0x0 binaries/dot2ip.o
 .data          0x810167e8        0x0 binaries/hexdump.o
 .data          0x810167e8        0x4 binaries/icmp.o
 .data          0x810167ec        0x0 binaries/ip.o
 .data          0x810167ec        0x0 binaries/net.o
 .data          0x810167ec        0x0 binaries/pdump.o
 .data          0x810167ec        0x0 binaries/tftp.o
 .data          0x810167ec        0x4 binaries/udp.o
 .data          0x810167f0        0x0 binaries/addargs.o
 .data          0x810167f0        0x0 binaries/lexan.o
 .data          0x810167f0        0x4 binaries/shell.o
                0x810167f0                ncmd
 .data          0x810167f4        0x0 binaries/xsh_argecho.o
 .data          0x810167f4        0x0 binaries/xsh_arp.o
 .data          0x810167f4        0x0 binaries/xsh_cat.o
 .data          0x810167f4        0x0 binaries/xsh_clear.o
 .data          0x810167f4        0x0 binaries/xsh_date.o
 .data          0x810167f4        0x0 binaries/xsh_devdump.o
 .data          0x810167f4        0x0 binaries/xsh_echo.o
 .data          0x810167f4        0x0 binaries/xsh_exit.o
 .data          0x810167f4        0x0 binaries/xsh_help.o
 .data          0x810167f4        0x0 binaries/xsh_kill.o
 .data          0x810167f4        0x0 binaries/xsh_memdump.o
 .data          0x810167f4        0x0 binaries/xsh_memstat.o
 .data          0x810167f4        0x0 binaries/xsh_netinfo.o
 .data          0x810167f4        0x0 binaries/xsh_ping.o
 .data          0x810167f4        0x0 binaries/xsh_ps.o
 .data          0x810167f4        0x0 binaries/xsh_sleep.o
 .data          0x810167f4        0x0 binaries/xsh_udpdump.o
 .data          0x810167f4        0x0 binaries/xsh_udpecho.o
 .data          0x810167f4        0x0 binaries/xsh_udpserver.o
 .data          0x810167f4        0x0 binaries/xsh_uptime.o
 .data          0x810167f4        0x0 binaries/ctxsw.o
 .data          0x810167f4        0x0 binaries/intr.o
 .data          0x810167f4        0x0 ../cross_compiler/lib/gcc/arm-none-eabi/4.8.1//libgcc.a(_udivsi3.o)
 .data          0x810167f4        0x0 ../cross_compiler/lib/gcc/arm-none-eabi/4.8.1//libgcc.a(_divsi3.o)
 .data          0x810167f4        0x0 ../cross_compiler/lib/gcc/arm-none-eabi/4.8.1//libgcc.a(_dvmd_tls.o)
 .data          0x810167f4        0x0 ../cross_compiler/lib/gcc/arm-none-eabi/4.8.1//libgcc.a(_arm_muldivdf3.o)
 .data          0x810167f4        0x0 ../cross_compiler/lib/gcc/arm-none-eabi/4.8.1//libgcc.a(_arm_cmpdf2.o)
 .data          0x810167f4        0x0 ../cross_compiler/lib/gcc/arm-none-eabi/4.8.1//libgcc.a(_arm_fixdfsi.o)
                0x810167f4                edata = ABSOLUTE (.)
                0x81017000                . = ALIGN (0x1000)
 *fill*         0x810167f4      0x80c 

.igot.plt       0x81017000        0x0
 .igot.plt      0x00000000        0x0 binaries/start.o

.bss            0x81017000    0x20000
                0x81017000                bss = ABSOLUTE (.)
 *(.bss .bss.*)
 .bss           0x81017000        0x0 binaries/start.o
 .bss           0x81017000        0x0 binaries/ascdate.o
 .bss           0x81017000        0x0 binaries/bufinit.o
 .bss           0x81017000        0x0 binaries/chprio.o
 .bss           0x81017000        0x0 binaries/clkhandler.o
 .bss           0x81017000        0x4 binaries/clkinit.o
                0x81017000                ctr1000
 .bss           0x81017004        0x0 binaries/close.o
 .bss           0x81017004        0x0 binaries/conf.o
 .bss           0x81017004        0x0 binaries/control.o
 .bss           0x81017004        0x0 binaries/create.o
 .bss           0x81017004        0x0 binaries/evec.o
 .bss           0x81017004        0x0 binaries/exit.o
 .bss           0x81017004        0x0 binaries/freebuf.o
 .bss           0x81017004        0x0 binaries/freemem.o
 .bss           0x81017004        0x0 binaries/getbuf.o
 .bss           0x81017004        0x0 binaries/getc.o
 .bss           0x81017004        0x0 binaries/getdev.o
 .bss           0x81017004        0x0 binaries/getitem.o
 .bss           0x81017004        0x0 binaries/getmem.o
 .bss           0x81017004        0x0 binaries/getpid.o
 .bss           0x81017004        0x0 binaries/getprio.o
 .bss           0x81017004        0x0 binaries/getstk.o
 .bss           0x81017004        0x0 binaries/getticks.o
 .bss           0x81017004        0x0 binaries/gettime.o
 .bss           0x81017004        0x0 binaries/getutime.o
 .bss           0x81017004        0x0 binaries/init.o
 .bss           0x81017004        0x0 binaries/initialize.o
 .bss           0x81017004        0x0 binaries/insert.o
 .bss           0x81017004        0x0 binaries/insertd.o
 .bss           0x81017004        0x0 binaries/ioerr.o
 .bss           0x81017004        0x0 binaries/ionull.o
 .bss           0x81017004        0x0 binaries/kill.o
 .bss           0x81017004        0x0 binaries/kprintf.o
 .bss           0x81017004        0x0 binaries/main.o
 .bss           0x81017004        0x0 binaries/mark.o
 .bss           0x81017004        0x0 binaries/meminit.o
 .bss           0x81017004        0x0 binaries/mkbufpool.o
 .bss           0x81017004        0x0 binaries/newqueue.o
 .bss           0x81017004        0x0 binaries/open.o
 .bss           0x81017004        0x0 binaries/panic.o
 .bss           0x81017004        0x0 binaries/platinit.o
 .bss           0x81017004        0x0 binaries/ptclear.o
 .bss           0x81017004        0x0 binaries/ptcount.o
 .bss           0x81017004        0x0 binaries/ptcreate.o
 .bss           0x81017004        0x0 binaries/ptdelete.o
 .bss           0x81017004        0x0 binaries/ptinit.o
 .bss           0x81017004        0x0 binaries/ptrecv.o
 .bss           0x81017004        0x0 binaries/ptreset.o
 .bss           0x81017004        0x0 binaries/ptsend.o
 .bss           0x81017004        0x0 binaries/putc.o
 .bss           0x81017004        0x0 binaries/queue.o
 .bss           0x81017004        0x0 binaries/read.o
 .bss           0x81017004        0x0 binaries/ready.o
 .bss           0x81017004        0x0 binaries/receive.o
 .bss           0x81017004        0x0 binaries/recvclr.o
 .bss           0x81017004        0x0 binaries/recvtime.o
 .bss           0x81017004        0x0 binaries/resched.o
 .bss           0x81017004        0x0 binaries/resume.o
 .bss           0x81017004        0x0 binaries/seek.o
 .bss           0x81017004        0x0 binaries/semcount.o
 .bss           0x81017004        0x4 binaries/semcreate.o
 .bss           0x81017008        0x0 binaries/semdelete.o
 .bss           0x81017008        0x0 binaries/semreset.o
 .bss           0x81017008        0x0 binaries/send.o
 .bss           0x81017008        0x0 binaries/signal.o
 .bss           0x81017008        0x0 binaries/signaln.o
 .bss           0x81017008        0x0 binaries/sleep.o
 .bss           0x81017008        0x0 binaries/suspend.o
 .bss           0x81017008        0x0 binaries/unsleep.o
 .bss           0x81017008        0x0 binaries/userret.o
 .bss           0x81017008        0x0 binaries/wait.o
 .bss           0x81017008        0x0 binaries/wakeup.o
 .bss           0x81017008        0x0 binaries/write.o
 .bss           0x81017008        0x0 binaries/xdone.o
 .bss           0x81017008        0x0 binaries/yield.o
 .bss           0x81017008        0x0 binaries/abs.o
 .bss           0x81017008        0x0 binaries/atoi.o
 .bss           0x81017008        0x0 binaries/atol.o
 .bss           0x81017008        0x0 binaries/bzero.o
 .bss           0x81017008        0x0 binaries/ctype_.o
 .bss           0x81017008        0x0 binaries/doprnt.o
 .bss           0x81017008        0x0 binaries/doscan.o
 .bss           0x81017008        0x0 binaries/fdoprnt.o
 .bss           0x81017008        0x0 binaries/fgetc.o
 .bss           0x81017008        0x0 binaries/fgets.o
 .bss           0x81017008        0x0 binaries/fprintf.o
 .bss           0x81017008        0x0 binaries/fputc.o
 .bss           0x81017008        0x0 binaries/fputs.o
 .bss           0x81017008        0x0 binaries/fscanf.o
 .bss           0x81017008        0x0 binaries/getchar.o
 .bss           0x81017008        0x0 binaries/labs.o
 .bss           0x81017008        0x0 binaries/memchr.o
 .bss           0x81017008        0x0 binaries/memcmp.o
 .bss           0x81017008        0x0 binaries/memcpy.o
 .bss           0x81017008        0x0 binaries/memset.o
 .bss           0x81017008        0x0 binaries/printf.o
 .bss           0x81017008        0x0 binaries/putchar.o
 .bss           0x81017008        0x8 binaries/qsort.o
 .bss           0x81017010        0x0 binaries/rand.o
 .bss           0x81017010        0x0 binaries/sprintf.o
 .bss           0x81017010        0x0 binaries/sscanf.o
 .bss           0x81017010        0x0 binaries/strchr.o
 .bss           0x81017010        0x0 binaries/strcmp.o
 .bss           0x81017010        0x0 binaries/strcpy.o
 .bss           0x81017010        0x0 binaries/strlen.o
 .bss           0x81017010        0x0 binaries/strncat.o
 .bss           0x81017010        0x0 binaries/strncmp.o
 .bss           0x81017010        0x0 binaries/strncpy.o
 .bss           0x81017010        0x0 binaries/strnlen.o
 .bss           0x81017010        0x0 binaries/strrchr.o
 .bss           0x81017010        0x0 binaries/strstr.o
 .bss           0x81017010        0x0 binaries/ttycontrol.o
 .bss           0x81017010        0x0 binaries/ttygetc.o
 .bss           0x81017010        0x0 binaries/ttyhandle_in.o
 .bss           0x81017010        0x0 binaries/ttyhandle_out.o
 .bss           0x81017010        0x0 binaries/ttyhandler.o
 .bss           0x81017010        0x0 binaries/ttyinit.o
 .bss           0x81017010        0x0 binaries/ttykickout.o
 .bss           0x81017010        0x0 binaries/ttyputc.o
 .bss           0x81017010        0x0 binaries/ttyread.o
 .bss           0x81017010        0x0 binaries/ttywrite.o
 .bss           0x81017010        0x0 binaries/mount.o
 .bss           0x81017010        0x0 binaries/naminit.o
 .bss           0x81017010        0x0 binaries/nammap.o
 .bss           0x81017010        0x0 binaries/namopen.o
 .bss           0x81017010        0x0 binaries/ethcontrol.o
 .bss           0x81017010        0x0 binaries/ethhandler.o
 .bss           0x81017010        0x0 binaries/ethinit.o
 .bss           0x81017010        0x0 binaries/ethread.o
 .bss           0x81017010        0x0 binaries/ethwrite.o
 .bss           0x81017010        0x0 binaries/rdsbufalloc.o
 .bss           0x81017010        0x0 binaries/rdsclose.o
 .bss           0x81017010        0x0 binaries/rdscomm.o
 .bss           0x81017010        0x0 binaries/rdscontrol.o
 .bss           0x81017010        0x0 binaries/rdsinit.o
 .bss           0x81017010        0x0 binaries/rdsopen.o
 .bss           0x81017010        0x0 binaries/rdsprocess.o
 .bss           0x81017010        0x0 binaries/rdsread.o
 .bss           0x81017010        0x0 binaries/rdswrite.o
 .bss           0x81017010        0x0 binaries/ramclose.o
 .bss           0x81017010        0x0 binaries/raminit.o
 .bss           0x81017010        0x0 binaries/ramopen.o
 .bss           0x81017010        0x0 binaries/ramread.o
 .bss           0x81017010        0x0 binaries/ramwrite.o
 .bss           0x81017010        0x0 binaries/lfdballoc.o
 .bss           0x81017010        0x0 binaries/lfdbfree.o
 .bss           0x81017010        0x0 binaries/lfflush.o
 .bss           0x81017010        0x0 binaries/lfgetmode.o
 .bss           0x81017010        0x0 binaries/lfiballoc.o
 .bss           0x81017010        0x0 binaries/lfibclear.o
 .bss           0x81017010        0x0 binaries/lfibget.o
 .bss           0x81017010        0x0 binaries/lfibput.o
 .bss           0x81017010        0x0 binaries/lflclose.o
 .bss           0x81017010        0x0 binaries/lflcontrol.o
 .bss           0x81017010        0x0 binaries/lflgetc.o
 .bss           0x81017010        0x0 binaries/lflinit.o
 .bss           0x81017010        0x0 binaries/lflputc.o
 .bss           0x81017010        0x0 binaries/lflread.o
 .bss           0x81017010        0x0 binaries/lflseek.o
 .bss           0x81017010        0x0 binaries/lflwrite.o
 .bss           0x81017010        0x0 binaries/lfscheck.o
 .bss           0x81017010        0x0 binaries/lfsckfmt.o
 .bss           0x81017010        0x0 binaries/lfscreate.o
 .bss           0x81017010        0x0 binaries/lfsetup.o
 .bss           0x81017010        0x0 binaries/lfsinit.o
 .bss           0x81017010        0x0 binaries/lfsopen.o
 .bss           0x81017010        0x0 binaries/lftruncate.o
 .bss           0x81017010        0x0 binaries/rflclose.o
 .bss           0x81017010        0x0 binaries/rflgetc.o
 .bss           0x81017010        0x0 binaries/rflinit.o
 .bss           0x81017010        0x0 binaries/rflputc.o
 .bss           0x81017010        0x0 binaries/rflread.o
 .bss           0x81017010        0x0 binaries/rflseek.o
 .bss           0x81017010        0x0 binaries/rflwrite.o
 .bss           0x81017010        0x0 binaries/rfscomm.o
 .bss           0x81017010        0x0 binaries/rfscontrol.o
 .bss           0x81017010        0x0 binaries/rfsgetmode.o
 .bss           0x81017010        0x0 binaries/rfsinit.o
 .bss           0x81017010        0x0 binaries/rfsndmsg.o
 .bss           0x81017010        0x0 binaries/rfsopen.o
 .bss           0x81017010        0x0 binaries/spicontrol.o
 .bss           0x81017010        0x0 binaries/spiinit.o
 .bss           0x81017010        0x0 binaries/gpiohandler.o
 .bss           0x81017010        0x0 binaries/gpioinit.o
 .bss           0x81017010        0x0 binaries/gpioread.o
 .bss           0x81017010        0x0 binaries/gpiowrite.o
 .bss           0x81017010        0x0 binaries/adchandler.o
 .bss           0x81017010        0x0 binaries/adcinit.o
 .bss           0x81017010        0x0 binaries/adcread.o
 .bss           0x81017010        0x0 binaries/arp.o
 .bss           0x81017010        0x0 binaries/dhcp.o
 .bss           0x81017010        0x0 binaries/dns.o
 .bss           0x81017010        0x0 binaries/dot2ip.o
 .bss           0x81017010        0x0 binaries/hexdump.o
 .bss           0x81017010        0x0 binaries/icmp.o
 .bss           0x81017010        0x0 binaries/ip.o
 .bss           0x81017010        0x0 binaries/net.o
 .bss           0x81017010        0x0 binaries/pdump.o
 .bss           0x81017010        0x0 binaries/tftp.o
 .bss           0x81017010        0x0 binaries/udp.o
 .bss           0x81017010        0x0 binaries/addargs.o
 .bss           0x81017010        0x0 binaries/lexan.o
 .bss           0x81017010        0x0 binaries/shell.o
 .bss           0x81017010        0x0 binaries/xsh_argecho.o
 .bss           0x81017010        0x0 binaries/xsh_arp.o
 .bss           0x81017010        0x0 binaries/xsh_cat.o
 .bss           0x81017010        0x0 binaries/xsh_clear.o
 .bss           0x81017010        0x0 binaries/xsh_date.o
 .bss           0x81017010        0x0 binaries/xsh_devdump.o
 .bss           0x81017010        0x0 binaries/xsh_echo.o
 .bss           0x81017010        0x0 binaries/xsh_exit.o
 .bss           0x81017010        0x0 binaries/xsh_help.o
 .bss           0x81017010        0x0 binaries/xsh_kill.o
 .bss           0x81017010        0x0 binaries/xsh_memdump.o
 .bss           0x81017010        0x0 binaries/xsh_memstat.o
 .bss           0x81017010        0x0 binaries/xsh_netinfo.o
 .bss           0x81017010        0x4 binaries/xsh_ping.o
 .bss           0x81017014        0x0 binaries/xsh_ps.o
 .bss           0x81017014        0x0 binaries/xsh_sleep.o
 .bss           0x81017014        0x0 binaries/xsh_udpdump.o
 .bss           0x81017014        0x0 binaries/xsh_udpecho.o
 .bss           0x81017014        0x0 binaries/xsh_udpserver.o
 .bss           0x81017014        0x0 binaries/xsh_uptime.o
 .bss           0x81017014        0x0 binaries/ctxsw.o
 .bss           0x81017014        0x0 binaries/intr.o
 .bss           0x81017014        0x0 ../cross_compiler/lib/gcc/arm-none-eabi/4.8.1//libgcc.a(_udivsi3.o)
 .bss           0x81017014        0x0 ../cross_compiler/lib/gcc/arm-none-eabi/4.8.1//libgcc.a(_divsi3.o)
 .bss           0x81017014        0x0 ../cross_compiler/lib/gcc/arm-none-eabi/4.8.1//libgcc.a(_dvmd_tls.o)
 .bss           0x81017014        0x0 ../cross_compiler/lib/gcc/arm-none-eabi/4.8.1//libgcc.a(_arm_muldivdf3.o)
 .bss           0x81017014        0x0 ../cross_compiler/lib/gcc/arm-none-eabi/4.8.1//libgcc.a(_arm_cmpdf2.o)
 .bss           0x81017014        0x0 ../cross_compiler/lib/gcc/arm-none-eabi/4.8.1//libgcc.a(_arm_fixdfsi.o)
 *(COMMON)
 COMMON         0x81017014       0xf4 binaries/bufinit.o
                0x81017014                buftab
                0x81017104                nbpools
 COMMON         0x81017108        0xc binaries/clkinit.o
                0x81017108                sleepq
                0x8101710c                preempt
                0x81017110                clktime
 COMMON         0x81017114      0x200 binaries/evec.o
                0x81017114                intc_vector
 COMMON         0x81017314     0x1aa0 binaries/initialize.o
                0x81017314                currpid
                0x81017318                proctab
                0x810188f8                prcount
                0x810188fc                semtab
                0x81018dac                memlist
 COMMON         0x81018db4       0x58 binaries/mark.o
                0x81018db4                marks
                0x81018e04                nmarks
                0x81018e08                mkmutex
 COMMON         0x81018e0c        0x8 binaries/meminit.o
                0x81018e0c                minheap
                0x81018e10                maxheap
 COMMON         0x81018e14      0x2d8 binaries/ptinit.o
                0x81018e14                porttab
                0x810190e4                ptnextid
                0x810190e8                ptfree
 COMMON         0x810190ec      0x980 binaries/queue.o
                0x810190ec                queuetab
 COMMON         0x81019a6c        0x2 binaries/ready.o
                0x81019a6c                readylist
 *fill*         0x81019a6e        0x2 
 COMMON         0x81019a70        0x8 binaries/resched.o
                0x81019a70                Defer
 COMMON         0x81019a78      0x110 binaries/ttyinit.o
                0x81019a78                ttytab
 COMMON         0x81019b88     0x19a4 binaries/naminit.o
                0x81019b88                nnames
                0x81019b8c                nametab
 COMMON         0x8101b52c      0x154 binaries/ethinit.o
                0x8101b52c                eth_a_regs
                0x8101b548                ethertab
 COMMON         0x8101b680       0x8c binaries/rdsinit.o
                0x8101b680                rdstab
 COMMON         0x8101b70c    0x19000 binaries/raminit.o
                0x8101b70c                Ram
 COMMON         0x8103470c      0xf00 binaries/lflinit.o
                0x8103470c                lfltab
 COMMON         0x8103560c      0x20c binaries/lfsinit.o
                0x8103560c                Lf_data
 COMMON         0x81035818      0x5a0 binaries/rflinit.o
                0x81035818                rfltab
 COMMON         0x81035db8       0x18 binaries/rfsinit.o
                0x81035db8                Rf_data
 COMMON         0x81035dd0        0x4 binaries/gpioinit.o
                0x81035dd0                read_sem
 COMMON         0x81035dd4        0x4 binaries/adcinit.o
                0x81035dd4                semadc
 COMMON         0x81035dd8      0x140 binaries/arp.o
                0x81035dd8                arpcache
 COMMON         0x81035f18      0x230 binaries/icmp.o
                0x81035f18                icmptab
 COMMON         0x81036148       0x2c binaries/ip.o
                0x81036148                ipoqueue
 COMMON         0x81036174       0xb8 binaries/net.o
                0x81036174                netbufpool
                0x81036178                netportseed
                0x8103617c                NetData
 COMMON         0x8103622c      0x168 binaries/udp.o
                0x8103622c                udptab
                0x81036394                ebss = ABSOLUTE (.)
                0x81037000                . = ALIGN (0x1000)
 *fill*         0x81036394      0xc6c 
 */()
                0x81037000                end = ABSOLUTE (.)
                0x81037000                _end = ABSOLUTE (.)
                0x81037000                . = ALIGN (0x1000)
LOAD binaries/start.o
LOAD binaries/ascdate.o
LOAD binaries/bufinit.o
LOAD binaries/chprio.o
LOAD binaries/clkhandler.o
LOAD binaries/clkinit.o
LOAD binaries/close.o
LOAD binaries/conf.o
LOAD binaries/control.o
LOAD binaries/create.o
LOAD binaries/evec.o
LOAD binaries/exit.o
LOAD binaries/freebuf.o
LOAD binaries/freemem.o
LOAD binaries/getbuf.o
LOAD binaries/getc.o
LOAD binaries/getdev.o
LOAD binaries/getitem.o
LOAD binaries/getmem.o
LOAD binaries/getpid.o
LOAD binaries/getprio.o
LOAD binaries/getstk.o
LOAD binaries/getticks.o
LOAD binaries/gettime.o
LOAD binaries/getutime.o
LOAD binaries/init.o
LOAD binaries/initialize.o
LOAD binaries/insert.o
LOAD binaries/insertd.o
LOAD binaries/ioerr.o
LOAD binaries/ionull.o
LOAD binaries/kill.o
LOAD binaries/kprintf.o
LOAD binaries/main.o
LOAD binaries/mark.o
LOAD binaries/meminit.o
LOAD binaries/mkbufpool.o
LOAD binaries/newqueue.o
LOAD binaries/open.o
LOAD binaries/panic.o
LOAD binaries/platinit.o
LOAD binaries/ptclear.o
LOAD binaries/ptcount.o
LOAD binaries/ptcreate.o
LOAD binaries/ptdelete.o
LOAD binaries/ptinit.o
LOAD binaries/ptrecv.o
LOAD binaries/ptreset.o
LOAD binaries/ptsend.o
LOAD binaries/putc.o
LOAD binaries/queue.o
LOAD binaries/read.o
LOAD binaries/ready.o
LOAD binaries/receive.o
LOAD binaries/recvclr.o
LOAD binaries/recvtime.o
LOAD binaries/resched.o
LOAD binaries/resume.o
LOAD binaries/seek.o
LOAD binaries/semcount.o
LOAD binaries/semcreate.o
LOAD binaries/semdelete.o
LOAD binaries/semreset.o
LOAD binaries/send.o
LOAD binaries/signal.o
LOAD binaries/signaln.o
LOAD binaries/sleep.o
LOAD binaries/suspend.o
LOAD binaries/unsleep.o
LOAD binaries/userret.o
LOAD binaries/wait.o
LOAD binaries/wakeup.o
LOAD binaries/write.o
LOAD binaries/xdone.o
LOAD binaries/yield.o
LOAD binaries/abs.o
LOAD binaries/atoi.o
LOAD binaries/atol.o
LOAD binaries/bzero.o
LOAD binaries/ctype_.o
LOAD binaries/doprnt.o
LOAD binaries/doscan.o
LOAD binaries/fdoprnt.o
LOAD binaries/fgetc.o
LOAD binaries/fgets.o
LOAD binaries/fprintf.o
LOAD binaries/fputc.o
LOAD binaries/fputs.o
LOAD binaries/fscanf.o
LOAD binaries/getchar.o
LOAD binaries/labs.o
LOAD binaries/memchr.o
LOAD binaries/memcmp.o
LOAD binaries/memcpy.o
LOAD binaries/memset.o
LOAD binaries/printf.o
LOAD binaries/putchar.o
LOAD binaries/qsort.o
LOAD binaries/rand.o
LOAD binaries/sprintf.o
LOAD binaries/sscanf.o
LOAD binaries/strchr.o
LOAD binaries/strcmp.o
[...]
                0x00001d21       0x35 binaries/ramopen.o
 .ARM.attributes
                0x00001d56       0x35 binaries/ramread.o
 .ARM.attributes
                0x00001d8b       0x35 binaries/ramwrite.o
 .ARM.attributes
                0x00001dc0       0x35 binaries/lfdballoc.o
 .ARM.attributes
                0x00001df5       0x35 binaries/lfdbfree.o
 .ARM.attributes
                0x00001e2a       0x35 binaries/lfflush.o
 .ARM.attributes
                0x00001e5f       0x35 binaries/lfgetmode.o
 .ARM.attributes
                0x00001e94       0x35 binaries/lfiballoc.o
 .ARM.attributes
                0x00001ec9       0x35 binaries/lfibclear.o
 .ARM.attributes
                0x00001efe       0x35 binaries/lfibget.o
 .ARM.attributes
                0x00001f33       0x35 binaries/lfibput.o
 .ARM.attributes
                0x00001f68       0x35 binaries/lflclose.o
 .ARM.attributes
                0x00001f9d       0x35 binaries/lflcontrol.o
 .ARM.attributes
                0x00001fd2       0x35 binaries/lflgetc.o
 .ARM.attributes
                0x00002007       0x35 binaries/lflinit.o
 .ARM.attributes
                0x0000203c       0x35 binaries/lflputc.o
 .ARM.attributes
                0x00002071       0x35 binaries/lflread.o
 .ARM.attributes
                0x000020a6       0x35 binaries/lflseek.o
 .ARM.attributes
                0x000020db       0x35 binaries/lflwrite.o
 .ARM.attributes
                0x00002110       0x35 binaries/lfscheck.o
 .ARM.attributes
                0x00002145       0x35 binaries/lfsckfmt.o
 .ARM.attributes
                0x0000217a       0x35 binaries/lfscreate.o
 .ARM.attributes
                0x000021af       0x35 binaries/lfsetup.o
 .ARM.attributes
                0x000021e4       0x35 binaries/lfsinit.o
 .ARM.attributes
                0x00002219       0x35 binaries/lfsopen.o
 .ARM.attributes
                0x0000224e       0x35 binaries/lftruncate.o
 .ARM.attributes
                0x00002283       0x35 binaries/rflclose.o
 .ARM.attributes
                0x000022b8       0x35 binaries/rflgetc.o
 .ARM.attributes
                0x000022ed       0x35 binaries/rflinit.o
 .ARM.attributes
                0x00002322       0x35 binaries/rflputc.o
 .ARM.attributes
                0x00002357       0x35 binaries/rflread.o
 .ARM.attributes
                0x0000238c       0x35 binaries/rflseek.o
 .ARM.attributes
                0x000023c1       0x35 binaries/rflwrite.o
 .ARM.attributes
                0x000023f6       0x35 binaries/rfscomm.o
 .ARM.attributes
                0x0000242b       0x35 binaries/rfscontrol.o
 .ARM.attributes
                0x00002460       0x35 binaries/rfsgetmode.o
 .ARM.attributes
                0x00002495       0x35 binaries/rfsinit.o
 .ARM.attributes
                0x000024ca       0x35 binaries/rfsndmsg.o
 .ARM.attributes
                0x000024ff       0x35 binaries/rfsopen.o
 .ARM.attributes
                0x00002534       0x35 binaries/spicontrol.o
 .ARM.attributes
                0x00002569       0x35 binaries/spiinit.o
 .ARM.attributes
                0x0000259e       0x35 binaries/gpiohandler.o
 .ARM.attributes
                0x000025d3       0x35 binaries/gpioinit.o
 .ARM.attributes
                0x00002608       0x35 binaries/gpioread.o
 .ARM.attributes
                0x0000263d       0x35 binaries/gpiowrite.o
 .ARM.attributes
                0x00002672       0x35 binaries/adchandler.o
 .ARM.attributes
                0x000026a7       0x35 binaries/adcinit.o
 .ARM.attributes
                0x000026dc       0x35 binaries/adcread.o
 .ARM.attributes
                0x00002711       0x35 binaries/arp.o
 .ARM.attributes
                0x00002746       0x35 binaries/dhcp.o
 .ARM.attributes
                0x0000277b       0x35 binaries/dns.o
 .ARM.attributes
                0x000027b0       0x35 binaries/dot2ip.o
 .ARM.attributes
                0x000027e5       0x35 binaries/hexdump.o
 .ARM.attributes
                0x0000281a       0x35 binaries/icmp.o
 .ARM.attributes
                0x0000284f       0x35 binaries/ip.o
 .ARM.attributes
                0x00002884       0x35 binaries/net.o
 .ARM.attributes
                0x000028b9       0x35 binaries/pdump.o
 .ARM.attributes
                0x000028ee       0x35 binaries/tftp.o
 .ARM.attributes
                0x00002923       0x35 binaries/udp.o
 .ARM.attributes
                0x00002958       0x35 binaries/addargs.o
 .ARM.attributes
                0x0000298d       0x35 binaries/lexan.o
 .ARM.attributes
                0x000029c2       0x35 binaries/shell.o
 .ARM.attributes
                0x000029f7       0x35 binaries/xsh_argecho.o
 .ARM.attributes
                0x00002a2c       0x35 binaries/xsh_arp.o
 .ARM.attributes
                0x00002a61       0x35 binaries/xsh_cat.o
 .ARM.attributes
                0x00002a96       0x35 binaries/xsh_clear.o
 .ARM.attributes
                0x00002acb       0x35 binaries/xsh_date.o
 .ARM.attributes
                0x00002b00       0x35 binaries/xsh_devdump.o
 .ARM.attributes
                0x00002b35       0x35 binaries/xsh_echo.o
 .ARM.attributes
                0x00002b6a       0x35 binaries/xsh_exit.o
 .ARM.attributes
                0x00002b9f       0x35 binaries/xsh_help.o
 .ARM.attributes
                0x00002bd4       0x35 binaries/xsh_kill.o
 .ARM.attributes
                0x00002c09       0x35 binaries/xsh_memdump.o
 .ARM.attributes
                0x00002c3e       0x35 binaries/xsh_memstat.o
 .ARM.attributes
                0x00002c73       0x35 binaries/xsh_netinfo.o
 .ARM.attributes
                0x00002ca8       0x35 binaries/xsh_ping.o
 .ARM.attributes
                0x00002cdd       0x35 binaries/xsh_ps.o
 .ARM.attributes
                0x00002d12       0x35 binaries/xsh_sleep.o
 .ARM.attributes
                0x00002d47       0x35 binaries/xsh_udpdump.o
 .ARM.attributes
                0x00002d7c       0x35 binaries/xsh_udpecho.o
 .ARM.attributes
                0x00002db1       0x35 binaries/xsh_udpserver.o
 .ARM.attributes
                0x00002de6       0x35 binaries/xsh_uptime.o
 .ARM.attributes
                0x00002e1b       0x25 binaries/ctxsw.o
 .ARM.attributes
                0x00002e40       0x25 binaries/intr.o
 .ARM.attributes
                0x00002e65       0x18 ../cross_compiler/lib/gcc/arm-none-eabi/4.8.1//libgcc.a(_udivsi3.o)
 .ARM.attributes
                0x00002e7d       0x18 ../cross_compiler/lib/gcc/arm-none-eabi/4.8.1//libgcc.a(_divsi3.o)
 .ARM.attributes
                0x00002e95       0x18 ../cross_compiler/lib/gcc/arm-none-eabi/4.8.1//libgcc.a(_dvmd_tls.o)
 .ARM.attributes
                0x00002ead       0x18 ../cross_compiler/lib/gcc/arm-none-eabi/4.8.1//libgcc.a(_arm_muldivdf3.o)
 .ARM.attributes
                0x00002ec5       0x18 ../cross_compiler/lib/gcc/arm-none-eabi/4.8.1//libgcc.a(_arm_cmpdf2.o)
 .ARM.attributes
                0x00002edd       0x18 ../cross_compiler/lib/gcc/arm-none-eabi/4.8.1//libgcc.a(_arm_fixdfsi.o)

.comment        0x00000000       0x30
 .comment       0x00000000       0x30 binaries/ascdate.o
                                 0x31 (size before relaxing)
 .comment       0x00000000       0x31 binaries/bufinit.o
 .comment       0x00000000       0x31 binaries/chprio.o
 .comment       0x00000000       0x31 binaries/clkhandler.o
 .comment       0x00000000       0x31 binaries/clkinit.o
 .comment       0x00000000       0x31 binaries/close.o
 .comment       0x00000000       0x31 binaries/conf.o
 .comment       0x00000000       0x31 binaries/control.o
 .comment       0x00000000       0x31 binaries/create.o
 .comment       0x00000000       0x31 binaries/evec.o
 .comment       0x00000000       0x31 binaries/exit.o
 .comment       0x00000000       0x31 binaries/freebuf.o
 .comment       0x00000000       0x31 binaries/freemem.o
 .comment       0x00000000       0x31 binaries/getbuf.o
 .comment       0x00000000       0x31 binaries/getc.o
 .comment       0x00000000       0x31 binaries/getdev.o
 .comment       0x00000000       0x31 binaries/getitem.o
 .comment       0x00000000       0x31 binaries/getmem.o
 .comment       0x00000000       0x31 binaries/getpid.o
 .comment       0x00000000       0x31 binaries/getprio.o
 .comment       0x00000000       0x31 binaries/getstk.o
 .comment       0x00000000       0x31 binaries/getticks.o
 .comment       0x00000000       0x31 binaries/gettime.o
 .comment       0x00000000       0x31 binaries/getutime.o
 .comment       0x00000000       0x31 binaries/init.o
 .comment       0x00000000       0x31 binaries/initialize.o
 .comment       0x00000000       0x31 binaries/insert.o
 .comment       0x00000000       0x31 binaries/insertd.o
 .comment       0x00000000       0x31 binaries/ioerr.o
 .comment       0x00000000       0x31 binaries/ionull.o
 .comment       0x00000000       0x31 binaries/kill.o
 .comment       0x00000000       0x31 binaries/kprintf.o
 .comment       0x00000000       0x31 binaries/main.o
 .comment       0x00000000       0x31 binaries/mark.o
 .comment       0x00000000       0x31 binaries/meminit.o
 .comment       0x00000000       0x31 binaries/mkbufpool.o
 .comment       0x00000000       0x31 binaries/newqueue.o
 .comment       0x00000000       0x31 binaries/open.o
 .comment       0x00000000       0x31 binaries/panic.o
 .comment       0x00000000       0x31 binaries/platinit.o
 .comment       0x00000000       0x31 binaries/ptclear.o
 .comment       0x00000000       0x31 binaries/ptcount.o
 .comment       0x00000000       0x31 binaries/ptcreate.o
 .comment       0x00000000       0x31 binaries/ptdelete.o
 .comment       0x00000000       0x31 binaries/ptinit.o
 .comment       0x00000000       0x31 binaries/ptrecv.o
 .comment       0x00000000       0x31 binaries/ptreset.o
 .comment       0x00000000       0x31 binaries/ptsend.o
 .comment       0x00000000       0x31 binaries/putc.o
 .comment       0x00000000       0x31 binaries/queue.o
 .comment       0x00000000       0x31 binaries/read.o
 .comment       0x00000000       0x31 binaries/ready.o
 .comment       0x00000000       0x31 binaries/receive.o
 .comment       0x00000000       0x31 binaries/recvclr.o
 .comment       0x00000000       0x31 binaries/recvtime.o
 .comment       0x00000000       0x31 binaries/resched.o
 .comment       0x00000000       0x31 binaries/resume.o
 .comment       0x00000000       0x31 binaries/seek.o
 .comment       0x00000000       0x31 binaries/semcount.o
 .comment       0x00000000       0x31 binaries/semcreate.o
 .comment       0x00000000       0x31 binaries/semdelete.o
 .comment       0x00000000       0x31 binaries/semreset.o
 .comment       0x00000000       0x31 binaries/send.o
 .comment       0x00000000       0x31 binaries/signal.o
 .comment       0x00000000       0x31 binaries/signaln.o
 .comment       0x00000000       0x31 binaries/sleep.o
 .comment       0x00000000       0x31 binaries/suspend.o
 .comment       0x00000000       0x31 binaries/unsleep.o
 .comment       0x00000000       0x31 binaries/userret.o
 .comment       0x00000000       0x31 binaries/wait.o
 .comment       0x00000000       0x31 binaries/wakeup.o
 .comment       0x00000000       0x31 binaries/write.o
 .comment       0x00000000       0x31 binaries/xdone.o
 .comment       0x00000000       0x31 binaries/yield.o
 .comment       0x00000000       0x31 binaries/abs.o
 .comment       0x00000000       0x31 binaries/atoi.o
 .comment       0x00000000       0x31 binaries/atol.o
 .comment       0x00000000       0x31 binaries/bzero.o
 .comment       0x00000000       0x31 binaries/ctype_.o
 .comment       0x00000000       0x31 binaries/doprnt.o
 .comment       0x00000000       0x31 binaries/doscan.o
 .comment       0x00000000       0x31 binaries/fdoprnt.o
 .comment       0x00000000       0x31 binaries/fgetc.o
 .comment       0x00000000       0x31 binaries/fgets.o
 .comment       0x00000000       0x31 binaries/fprintf.o
 .comment       0x00000000       0x31 binaries/fputc.o
 .comment       0x00000000       0x31 binaries/fputs.o
 .comment       0x00000000       0x31 binaries/fscanf.o
 .comment       0x00000000       0x31 binaries/getchar.o
 .comment       0x00000000       0x31 binaries/labs.o
 .comment       0x00000000       0x31 binaries/memchr.o
 .comment       0x00000000       0x31 binaries/memcmp.o
 .comment       0x00000000       0x31 binaries/memcpy.o
 .comment       0x00000000       0x31 binaries/memset.o
 .comment       0x00000000       0x31 binaries/printf.o
 .comment       0x00000000       0x31 binaries/putchar.o
 .comment       0x00000000       0x31 binaries/qsort.o
 .comment       0x00000000       0x31 binaries/rand.o
 .comment       0x00000000       0x31 binaries/sprintf.o
 .comment       0x00000000       0x31 binaries/sscanf.o
 .comment       0x00000000       0x31 binaries/strchr.o
 .comment       0x00000000       0x31 binaries/strcmp.o
 .comment       0x00000000       0x31 binaries/strcpy.o
 .comment       0x00000000       0x31 binaries/strlen.o
 .comment       0x00000000       0x31 binaries/strncat.o
 .comment       0x00000000       0x31 binaries/strncmp.o
 .comment       0x00000000       0x31 binaries/strncpy.o
 .comment       0x00000000       0x31 binaries/strnlen.o
 .comment       0x00000000       0x31 binaries/strrchr.o
 .comment       0x00000000       0x31 binaries/strstr.o
 .comment       0x00000000       0x31 binaries/ttycontrol.o
 .comment       0x00000000       0x31 binaries/ttygetc.o
 .comment       0x00000000       0x31 binaries/ttyhandle_in.o
 .comment       0x00000000       0x31 binaries/ttyhandle_out.o
 .comment       0x00000000       0x31 binaries/ttyhandler.o
 .comment       0x00000000       0x31 binaries/ttyinit.o
 .comment       0x00000000       0x31 binaries/ttykickout.o
 .comment       0x00000000       0x31 binaries/ttyputc.o
 .comment       0x00000000       0x31 binaries/ttyread.o
 .comment       0x00000000       0x31 binaries/ttywrite.o
 .comment       0x00000000       0x31 binaries/mount.o
 .comment       0x00000000       0x31 binaries/naminit.o
 .comment       0x00000000       0x31 binaries/nammap.o
 .comment       0x00000000       0x31 binaries/namopen.o
 .comment       0x00000000       0x31 binaries/ethcontrol.o
 .comment       0x00000000       0x31 binaries/ethhandler.o
 .comment       0x00000000       0x31 binaries/ethinit.o
 .comment       0x00000000       0x31 binaries/ethread.o
 .comment       0x00000000       0x31 binaries/ethwrite.o
 .comment       0x00000000       0x31 binaries/rdsbufalloc.o
 .comment       0x00000000       0x31 binaries/rdsclose.o
 .comment       0x00000000       0x31 binaries/rdscomm.o
 .comment       0x00000000       0x31 binaries/rdscontrol.o
 .comment       0x00000000       0x31 binaries/rdsinit.o
 .comment       0x00000000       0x31 binaries/rdsopen.o
 .comment       0x00000000       0x31 binaries/rdsprocess.o
 .comment       0x00000000       0x31 binaries/rdsread.o
 .comment       0x00000000       0x31 binaries/rdswrite.o
 .comment       0x00000000       0x31 binaries/ramclose.o
 .comment       0x00000000       0x31 binaries/raminit.o
 .comment       0x00000000       0x31 binaries/ramopen.o
 .comment       0x00000000       0x31 binaries/ramread.o
 .comment       0x00000000       0x31 binaries/ramwrite.o
 .comment       0x00000000       0x31 binaries/lfdballoc.o
 .comment       0x00000000       0x31 binaries/lfdbfree.o
 .comment       0x00000000       0x31 binaries/lfflush.o
 .comment       0x00000000       0x31 binaries/lfgetmode.o
 .comment       0x00000000       0x31 binaries/lfiballoc.o
 .comment       0x00000000       0x31 binaries/lfibclear.o
 .comment       0x00000000       0x31 binaries/lfibget.o
 .comment       0x00000000       0x31 binaries/lfibput.o
 .comment       0x00000000       0x31 binaries/lflclose.o
 .comment       0x00000000       0x31 binaries/lflcontrol.o
 .comment       0x00000000       0x31 binaries/lflgetc.o
 .comment       0x00000000       0x31 binaries/lflinit.o
 .comment       0x00000000       0x31 binaries/lflputc.o
 .comment       0x00000000       0x31 binaries/lflread.o
 .comment       0x00000000       0x31 binaries/lflseek.o
 .comment       0x00000000       0x31 binaries/lflwrite.o
 .comment       0x00000000       0x31 binaries/lfscheck.o
 .comment       0x00000000       0x31 binaries/lfsckfmt.o
 .comment       0x00000000       0x31 binaries/lfscreate.o
 .comment       0x00000000       0x31 binaries/lfsetup.o
 .comment       0x00000000       0x31 binaries/lfsinit.o
 .comment       0x00000000       0x31 binaries/lfsopen.o
 .comment       0x00000000       0x31 binaries/lftruncate.o
 .comment       0x00000000       0x31 binaries/rflclose.o
 .comment       0x00000000       0x31 binaries/rflgetc.o
 .comment       0x00000000       0x31 binaries/rflinit.o
 .comment       0x00000000       0x31 binaries/rflputc.o
 .comment       0x00000000       0x31 binaries/rflread.o
 .comment       0x00000000       0x31 binaries/rflseek.o
 .comment       0x00000000       0x31 binaries/rflwrite.o
 .comment       0x00000000       0x31 binaries/rfscomm.o
 .comment       0x00000000       0x31 binaries/rfscontrol.o
 .comment       0x00000000       0x31 binaries/rfsgetmode.o
 .comment       0x00000000       0x31 binaries/rfsinit.o
 .comment       0x00000000       0x31 binaries/rfsndmsg.o
 .comment       0x00000000       0x31 binaries/rfsopen.o
 .comment       0x00000000       0x31 binaries/spicontrol.o
 .comment       0x00000000       0x31 binaries/spiinit.o
 .comment       0x00000000       0x31 binaries/gpiohandler.o
 .comment       0x00000000       0x31 binaries/gpioinit.o
 .comment       0x00000000       0x31 binaries/gpioread.o
 .comment       0x00000000       0x31 binaries/gpiowrite.o
 .comment       0x00000000       0x31 binaries/adchandler.o
 .comment       0x00000000       0x31 binaries/adcinit.o
 .comment       0x00000000       0x31 binaries/adcread.o
 .comment       0x00000000       0x31 binaries/arp.o
 .comment       0x00000000       0x31 binaries/dhcp.o
 .comment       0x00000000       0x31 binaries/dns.o
 .comment       0x00000000       0x31 binaries/dot2ip.o
 .comment       0x00000000       0x31 binaries/hexdump.o
 .comment       0x00000000       0x31 binaries/icmp.o
 .comment       0x00000000       0x31 binaries/ip.o
 .comment       0x00000000       0x31 binaries/net.o
 .comment       0x00000000       0x31 binaries/pdump.o
 .comment       0x00000000       0x31 binaries/tftp.o
 .comment       0x00000000       0x31 binaries/udp.o
 .comment       0x00000000       0x31 binaries/addargs.o
 .comment       0x00000000       0x31 binaries/lexan.o
 .comment       0x00000000       0x31 binaries/shell.o
 .comment       0x00000000       0x31 binaries/xsh_argecho.o
 .comment       0x00000000       0x31 binaries/xsh_arp.o
 .comment       0x00000000       0x31 binaries/xsh_cat.o
 .comment       0x00000000       0x31 binaries/xsh_clear.o
 .comment       0x00000000       0x31 binaries/xsh_date.o
 .comment       0x00000000       0x31 binaries/xsh_devdump.o
 .comment       0x00000000       0x31 binaries/xsh_echo.o
 .comment       0x00000000       0x31 binaries/xsh_exit.o
 .comment       0x00000000       0x31 binaries/xsh_help.o
 .comment       0x00000000       0x31 binaries/xsh_kill.o
 .comment       0x00000000       0x31 binaries/xsh_memdump.o
 .comment       0x00000000       0x31 binaries/xsh_memstat.o
 .comment       0x00000000       0x31 binaries/xsh_netinfo.o
 .comment       0x00000000       0x31 binaries/xsh_ping.o
 .comment       0x00000000       0x31 binaries/xsh_ps.o
 .comment       0x00000000       0x31 binaries/xsh_sleep.o
 .comment       0x00000000       0x31 binaries/xsh_udpdump.o
 .comment       0x00000000       0x31 binaries/xsh_udpecho.o
 .comment       0x00000000       0x31 binaries/xsh_udpserver.o
 .comment       0x00000000       0x31 binaries/xsh_uptime.o

.debug_frame    0x00000000       0x40
 .debug_frame   0x00000000       0x20 ../cross_compiler/lib/gcc/arm-none-eabi/4.8.1//libgcc.a(_udivsi3.o)
 .debug_frame   0x00000020       0x20 ../cross_compiler/lib/gcc/arm-none-eabi/4.8.1//libgcc.a(_divsi3.o)
