Archive member included because of file (symbol)

../cross_compiler/lib/gcc/arm-none-eabi/4.8.1//libgcc.a(_udivsi3.o)
                              binaries/qsort.o (__aeabi_uidiv)
../cross_compiler/lib/gcc/arm-none-eabi/4.8.1//libgcc.a(_divsi3.o)
                              binaries/doprnt.o (__aeabi_idiv)
../cross_compiler/lib/gcc/arm-none-eabi/4.8.1//libgcc.a(_dvmd_tls.o)
                              ../cross_compiler/lib/gcc/arm-none-eabi/4.8.1//libgcc.a(_udivsi3.o) (__aeabi_idiv0)
../cross_compiler/lib/gcc/arm-none-eabi/4.8.1//libgcc.a(_arm_addsubdf3.o)
                              binaries/tempread.o (__aeabi_dsub)
../cross_compiler/lib/gcc/arm-none-eabi/4.8.1//libgcc.a(_arm_muldivdf3.o)
                              binaries/doprnt.o (__aeabi_dmul)
../cross_compiler/lib/gcc/arm-none-eabi/4.8.1//libgcc.a(_arm_cmpdf2.o)
                              binaries/doprnt.o (__aeabi_dcmplt)
../cross_compiler/lib/gcc/arm-none-eabi/4.8.1//libgcc.a(_arm_fixdfsi.o)
                              binaries/main.o (__aeabi_d2iz)
../cross_compiler/lib/gcc/arm-none-eabi/4.8.1//libgcc.a(_arm_truncdfsf2.o)
                              binaries/tempread.o (__aeabi_d2f)
../cross_compiler/lib/gcc/arm-none-eabi/4.8.1//libgcc.a(_arm_muldivsf3.o)
                              binaries/tempread.o (__aeabi_fmul)
../cross_compiler/lib/gcc/arm-none-eabi/4.8.1//libgcc.a(_arm_fixsfsi.o)
                              binaries/tempread.o (__aeabi_f2iz)

Allocating common symbols
Common symbol       size              file

netbufpool          0x4               binaries/net.o
readylist           0x2               binaries/ready.o
rfltab              0x5a0             binaries/rflinit.o
netportseed         0x4               binaries/net.o
sleepq              0x2               binaries/clkinit.o
shared_switch       0x4               binaries/gpioinit.o
intc_vector         0x200             binaries/evec.o
nnames              0x4               binaries/naminit.o
udptab              0x168             binaries/udp.o
minheap             0x4               binaries/meminit.o
marks               0x50              binaries/mark.o
currpid             0x4               binaries/initialize.o
Lf_data             0x20c             binaries/lfsinit.o
porttab             0x2d0             binaries/ptinit.o
done_sem            0x4               binaries/gpioinit.o
ttytab              0x110             binaries/ttyinit.o
proctab             0x15e0            binaries/initialize.o
eth_a_regs          0x1c              binaries/ethinit.o
prcount             0x4               binaries/initialize.o
gpio_sem            0x4               binaries/gpioinit.o
lfltab              0xf00             binaries/lflinit.o
rdstab              0x8c              binaries/rdsinit.o
ethertab            0x138             binaries/ethinit.o
NetData             0xb0              binaries/net.o
nmarks              0x4               binaries/mark.o
motorF              0x8               binaries/ascdate.o
gpio_pin_number     0x4               binaries/gpioinit.o
Defer               0x8               binaries/resched.o
semtab              0x4b0             binaries/initialize.o
semadc              0x4               binaries/adcinit.o
maxheap             0x4               binaries/meminit.o
preempt             0x4               binaries/clkinit.o
buftab              0xf0              binaries/bufinit.o
Rf_data             0x18              binaries/rfsinit.o
led_switch          0x4               binaries/ledinit.o
mkmutex             0x4               binaries/mark.o
clktime             0x4               binaries/clkinit.o
arpcache            0x140             binaries/arp.o
icmptab             0x230             binaries/icmp.o
nbpools             0x4               binaries/bufinit.o
read_sem            0x4               binaries/gpioinit.o
motorB              0x8               binaries/ascdate.o
queuetab            0x980             binaries/queue.o
swtch               0x4               binaries/gpioinit.o
ptnextid            0x4               binaries/ptinit.o
Ram                 0x19000           binaries/raminit.o
led_sem             0x4               binaries/ledinit.o
ipoqueue            0x2c              binaries/ip.o
memlist             0x8               binaries/initialize.o
nametab             0x19a0            binaries/naminit.o
ptfree              0x4               binaries/ptinit.o

Memory Configuration

Name             Origin             Length             Attributes
*default*        0x00000000         0xffffffff

Linker script and memory map

                0x81000000                physbase = 0x81000000
                0x81000000                . = physbase
                0x81000000                . = ALIGN (0x1000)

.text           0x81000000    0x17000
                0x81000000                text = ABSOLUTE (.)
 *(.text .text.*)
 .text          0x81000000       0x4c binaries/start.o
                0x81000000                start
 .text          0x8100004c      0x33c binaries/ascdate.o
                0x8100004c                ascdate
 .text          0x81000388       0x18 binaries/bufinit.o
                0x81000388                bufinit
 .text          0x810003a0       0x68 binaries/chprio.o
                0x810003a0                chprio
 .text          0x81000408       0xf0 binaries/clkhandler.o
                0x81000408                clkhandler
 .text          0x810004f8       0xd4 binaries/clkinit.o
                0x810004f8                clkinit
 .text          0x810005cc       0x50 binaries/close.o
                0x810005cc                close
 .text          0x8100061c        0x0 binaries/conf.o
 .text          0x8100061c       0x68 binaries/control.o
                0x8100061c                control
 .text          0x81000684      0x290 binaries/create.o
                0x81000684                create
 .text          0x81000914       0xb0 binaries/evec.o
                0x81000914                initintc
                0x81000940                set_evec
                0x81000980                irq_dispatch
 .text          0x810009c4       0x10 binaries/exit.o
                0x810009c4                exit
 .text          0x810009d4       0x7c binaries/freebuf.o
                0x810009d4                freebuf
 .text          0x81000a50      0x148 binaries/freemem.o
                0x81000a50                freemem
 .text          0x81000b98       0x78 binaries/getbuf.o
                0x81000b98                getbuf
 .text          0x81000c10       0x50 binaries/getc.o
                0x81000c10                getc
 .text          0x81000c60       0x68 binaries/getdev.o
                0x81000c60                getdev
 .text          0x81000cc8       0xa0 binaries/getitem.o
                0x81000cc8                getitem
                0x81000cf8                getfirst
                0x81000d2c                getlast
 .text          0x81000d68      0x108 binaries/getmem.o
                0x81000d68                getmem
 .text          0x81000e70       0x10 binaries/getpid.o
                0x81000e70                getpid
 .text          0x81000e80       0x5c binaries/getprio.o
                0x81000e80                getprio
 .text          0x81000edc       0xc8 binaries/getstk.o
                0x81000edc                getstk
 .text          0x81000fa4        0x8 binaries/getticks.o
                0x81000fa4                getticks
 .text          0x81000fac       0x38 binaries/gettime.o
                0x81000fac                gettime
 .text          0x81000fe4      0x1f4 binaries/getutime.o
                0x81000fe4                getutime
 .text          0x810011d8       0x50 binaries/init.o
                0x810011d8                init
 .text          0x81001228      0x348 binaries/initialize.o
                0x810012cc                nulluser
                0x81001510                stop
                0x81001534                delay
 .text          0x81001570       0xd0 binaries/insert.o
                0x81001570                insert
 .text          0x81001640      0x134 binaries/insertd.o
                0x81001640                insertd
 .text          0x81001774        0x8 binaries/ioerr.o
                0x81001774                ioerr
 .text          0x8100177c        0x8 binaries/ionull.o
                0x8100177c                ionull
 .text          0x81001784      0x158 binaries/kill.o
                0x81001784                kill
 .text          0x810018dc       0xd0 binaries/kprintf.o
                0x810018dc                kputc
                0x8100192c                kgetc
                0x8100196c                kprintf
 .text          0x810019ac      0x4ac binaries/main.o
                0x810019ac                reverse
                0x810019f0                itoa
                0x81001a64                parse_data
                0x81001d74                main
 .text          0x81001e58       0xd0 binaries/mark.o
                0x81001e58                markinit
                0x81001e84                mark
 .text          0x81001f28       0x48 binaries/meminit.o
                0x81001f28                meminit
 .text          0x81001f70      0x140 binaries/mkbufpool.o
                0x81001f70                mkbufpool
 .text          0x810020b0       0x7c binaries/newqueue.o
                0x810020b0                newqueue
 .text          0x8100212c       0x60 binaries/open.o
                0x8100212c                open
 .text          0x8100218c       0x20 binaries/panic.o
                0x8100218c                panic
 .text          0x810021ac       0xac binaries/platinit.o
                0x810021ac                counterinit
                0x810021c4                platinit
 .text          0x81002258       0xa8 binaries/ptclear.o
                0x81002258                _ptclear
 .text          0x81002300       0x78 binaries/ptcount.o
                0x81002300                ptcount
 .text          0x81002378       0xdc binaries/ptcreate.o
                0x81002378                ptcreate
 .text          0x81002454       0x74 binaries/ptdelete.o
                0x81002454                ptdelete
 .text          0x810024c8       0xbc binaries/ptinit.o
                0x810024c8                ptinit
 .text          0x81002584       0xd0 binaries/ptrecv.o
                0x81002584                ptrecv
 .text          0x81002654       0x68 binaries/ptreset.o
                0x81002654                ptreset
 .text          0x810026bc       0xf4 binaries/ptsend.o
                0x810026bc                ptsend
 .text          0x810027b0       0x58 binaries/putc.o
                0x810027b0                putc
 .text          0x81002808       0xf4 binaries/queue.o
                0x81002808                enqueue
                0x810028a0                dequeue
 .text          0x810028fc       0x60 binaries/read.o
                0x810028fc                read
 .text          0x8100295c       0x74 binaries/ready.o
                0x8100295c                ready
 .text          0x810029d0       0x60 binaries/receive.o
                0x810029d0                receive
 .text          0x81002a30       0x48 binaries/recvclr.o
                0x81002a30                recvclr
 .text          0x81002a78       0xb0 binaries/recvtime.o
                0x81002a78                recvtime
 .text          0x81002b28      0x1ac binaries/resched.o
                0x81002b28                resched
                0x81002c18                resched_cntl
 .text          0x81002cd4       0x90 binaries/resume.o
                0x81002cd4                resume
 .text          0x81002d64       0x58 binaries/seek.o
                0x81002d64                seek
 .text          0x81002dbc       0x58 binaries/semcount.o
                0x81002dbc                semcount
 .text          0x81002e14       0xb8 binaries/semcreate.o
                0x81002e14                semcreate
 .text          0x81002ecc       0xac binaries/semdelete.o
                0x81002ecc                semdelete
 .text          0x81002f78       0xa4 binaries/semreset.o
                0x81002f78                semreset
 .text          0x8100301c       0xc0 binaries/send.o
                0x8100301c                send
 .text          0x810030dc       0x80 binaries/signal.o
                0x810030dc                signal
 .text          0x8100315c       0xb0 binaries/signaln.o
                0x8100315c                signaln
 .text          0x8100320c       0xcc binaries/sleep.o
                0x8100320c                sleepms
                0x810032a8                sleep
 .text          0x810032d8       0xbc binaries/suspend.o
                0x810032d8                suspend
 .text          0x81003394       0xb8 binaries/unsleep.o
                0x81003394                unsleep
 .text          0x8100344c       0x10 binaries/userret.o
                0x8100344c                userret
 .text          0x8100345c       0xac binaries/wait.o
                0x8100345c                wait
 .text          0x81003508       0xa0 binaries/wakeup.o
                0x81003508                wakeup
 .text          0x810035a8       0x60 binaries/write.o
                0x810035a8                write
 .text          0x81003608       0x18 binaries/xdone.o
                0x81003608                xdone
 .text          0x81003620       0x20 binaries/yield.o
                0x81003620                yield
 .text          0x81003640        0xc binaries/abs.o
                0x81003640                abs
 .text          0x8100364c      0x114 binaries/atoi.o
                0x8100364c                atoi
 .text          0x81003760      0x114 binaries/atol.o
                0x81003760                atol
 .text          0x81003874       0x20 binaries/bzero.o
                0x81003874                bzero
 .text          0x81003894        0x0 binaries/ctype_.o
 .text          0x81003894      0xa34 binaries/doprnt.o
                0x81003ab4                _doprnt
 .text          0x810042c8      0x704 binaries/doscan.o
                0x810042c8                _doscan
 .text          0x810049cc      0x898 binaries/fdoprnt.o
                0x81004a78                _fdoprnt
 .text          0x81005264       0x14 binaries/fgetc.o
                0x81005264                fgetc
 .text          0x81005278       0x84 binaries/fgets.o
                0x81005278                fgets
 .text          0x810052fc       0x3c binaries/fprintf.o
                0x810052fc                fprintf
 .text          0x81005338       0x24 binaries/fputc.o
                0x81005338                fputc
 .text          0x8100535c       0x38 binaries/fputs.o
                0x8100535c                fputs
 .text          0x81005394       0x78 binaries/fscanf.o
                0x810053c8                fscanf
 .text          0x8100540c       0x2c binaries/getchar.o
                0x8100540c                getchar
 .text          0x81005438        0xc binaries/labs.o
                0x81005438                labs
 .text          0x81005444        0x0 binaries/memchr.o
 .text          0x81005444       0x60 binaries/memcmp.o
                0x81005444                memcmp
 .text          0x810054a4       0x24 binaries/memcpy.o
                0x810054a4                memcpy
 .text          0x810054c8       0x20 binaries/memset.o
                0x810054c8                memset
 .text          0x810054e8       0x58 binaries/printf.o
                0x810054e8                printf
 .text          0x81005540       0x2c binaries/putchar.o
                0x81005540                putchar
 .text          0x8100556c      0x254 binaries/qsort.o
                0x810057a0                qsort
 .text          0x810057c0       0x7c binaries/rand.o
                0x810057c0                rand
                0x810057f8                rand_r
                0x8100582c                srand
 .text          0x8100583c       0x68 binaries/sprintf.o
                0x81005854                sprintf
 .text          0x810058a4       0x78 binaries/sscanf.o
                0x810058d8                sscanf
 .text          0x8100591c       0x48 binaries/strchr.o
                0x8100591c                strchr
 .text          0x81005964       0x54 binaries/strcmp.o
                0x81005964                strcmp
 .text          0x810059b8       0x18 binaries/strcpy.o
                0x810059b8                strcpy
 .text          0x810059d0       0x30 binaries/strlen.o
                0x810059d0                strlen
 .text          0x81005a00       0x50 binaries/strncat.o
                0x81005a00                strncat
 .text          0x81005a50       0x54 binaries/strncmp.o
                0x81005a50                strncmp
 .text          0x81005aa4       0x80 binaries/strncpy.o
                0x81005aa4                strncpy
 .text          0x81005b24       0x48 binaries/strnlen.o
                0x81005b24                strnlen
 .text          0x81005b6c       0x58 binaries/strrchr.o
                0x81005b6c                strrchr
 .text          0x81005bc4       0xb0 binaries/strstr.o
                0x81005bc4                strstr
 .text          0x81005c74       0xc8 binaries/ttycontrol.o
                0x81005c74                ttycontrol
 .text          0x81005d3c       0x6c binaries/ttygetc.o
                0x81005d3c                ttygetc
 .text          0x81005da8      0x4d8 binaries/ttyhandle_in.o
                0x81005e74                ttyhandle_in
 .text          0x81006280      0x14c binaries/ttyhandle_out.o
                0x81006280                ttyhandle_out
 .text          0x810063cc       0xc8 binaries/ttyhandler.o
                0x810063cc                ttyhandler
 .text          0x81006494      0x120 binaries/ttyinit.o
                0x81006494                ttyinit
 .text          0x810065b4        0xc binaries/ttykickout.o
                0x810065b4                ttykickout
 .text          0x810065c0       0x78 binaries/ttyputc.o
                0x810065c0                ttyputc
 .text          0x81006638      0x110 binaries/ttyread.o
                0x81006638                ttyread
 .text          0x81006748       0x4c binaries/ttywrite.o
                0x81006748                ttywrite
 .text          0x81006794      0x134 binaries/mount.o
                0x81006794                namlen
                0x810067e8                mount
 .text          0x810068c8      0x1c4 binaries/naminit.o
                0x810068c8                naminit
 .text          0x81006a8c      0x240 binaries/nammap.o
                0x81006a8c                namrepl
                0x81006bc4                namcpy
                0x81006c20                nammap
 .text          0x81006ccc       0x40 binaries/namopen.o
                0x81006ccc                namopen
 .text          0x81006d0c       0x40 binaries/ethcontrol.o
                0x81006d0c                ethcontrol
 .text          0x81006d4c      0x178 binaries/ethhandler.o
                0x81006d4c                ethhandler
 .text          0x81006ec4      0x734 binaries/ethinit.o
                0x81006ec4                eth_phy_read
                0x81006f34                eth_phy_write
                0x81006f8c                eth_phy_reset
                0x810070fc                ethinit
 .text          0x810075f8       0xd8 binaries/ethread.o
                0x810075f8                ethread
 .text          0x810076d0       0xf0 binaries/ethwrite.o
                0x810076d0                ethwrite
 .text          0x810077c0       0x90 binaries/rdsbufalloc.o
                0x810077c0                rdsbufalloc
 .text          0x81007850       0xa0 binaries/rdsclose.o
                0x81007850                rdsclose
 .text          0x810078f0      0x20c binaries/rdscomm.o
                0x810078f0                rdscomm
 .text          0x81007afc      0x1a0 binaries/rdscontrol.o
                0x81007afc                rdscontrol
 .text          0x81007c9c      0x180 binaries/rdsinit.o
                0x81007c9c                rdsinit
 .text          0x81007e1c      0x134 binaries/rdsopen.o
                0x81007e1c                rdsopen
 .text          0x81007f50      0x304 binaries/rdsprocess.o
                0x81007f50                rdsprocess
 .text          0x81008254      0x210 binaries/rdsread.o
                0x81008254                rdsread
 .text          0x81008464      0x184 binaries/rdswrite.o
                0x81008464                rdswrite
 .text          0x810085e8        0x8 binaries/ramclose.o
                0x810085e8                ramclose
 .text          0x810085f0       0x3c binaries/raminit.o
                0x810085f0                raminit
 .text          0x8100862c        0x8 binaries/ramopen.o
                0x8100862c                ramopen
 .text          0x81008634       0x24 binaries/ramread.o
                0x81008634                ramread
 .text          0x81008658       0x20 binaries/ramwrite.o
                0x81008658                ramwrite
 .text          0x81008678       0x94 binaries/lfdballoc.o
                0x81008678                lfdballoc
 .text          0x8100870c       0x4c binaries/lfdbfree.o
                0x8100870c                lfdbfree
 .text          0x81008758       0xb8 binaries/lfflush.o
                0x81008758                lfflush
 .text          0x81008810       0xc8 binaries/lfgetmode.o
                0x81008810                lfgetmode
 .text          0x810088d8       0x6c binaries/lfiballoc.o
                0x810088d8                lfiballoc
 .text          0x81008944       0x30 binaries/lfibclear.o
                0x81008944                lfibclear
 .text          0x81008974       0x64 binaries/lfibget.o
                0x81008974                lfibget
 .text          0x810089d8       0x8c binaries/lfibput.o
                0x810089d8                lfibput
 .text          0x81008a64       0x84 binaries/lflclose.o
                0x81008a64                lflclose
 .text          0x81008ae8       0xa0 binaries/lflcontrol.o
                0x81008ae8                lflcontrol
 .text          0x81008b88       0xa8 binaries/lflgetc.o
                0x81008b88                lflgetc
 .text          0x81008c30       0xa8 binaries/lflinit.o
                0x81008c30                lflinit
 .text          0x81008cd8       0xdc binaries/lflputc.o
                0x81008cd8                lflputc
 .text          0x81008db4       0x78 binaries/lflread.o
                0x81008db4                lflread
 .text          0x81008e2c       0x80 binaries/lflseek.o
                0x81008e2c                lflseek
 .text          0x81008eac       0x5c binaries/lflwrite.o
                0x81008eac                lflwrite
 .text          0x81008f08       0xa0 binaries/lfscheck.o
                0x81008f08                lfscheck
 .text          0x81008fa8      0x144 binaries/lfsckfmt.o
                0x81008fa8                lfsckfmt
 .text          0x810090ec      0x15c binaries/lfscreate.o
                0x810090ec                lfscreate
 .text          0x81009248      0x1f0 binaries/lfsetup.o
                0x81009248                lfsetup
 .text          0x81009438       0x44 binaries/lfsinit.o
                0x81009438                lfsinit
 .text          0x8100947c      0x358 binaries/lfsopen.o
                0x8100947c                lfsopen
 .text          0x810097d4      0x108 binaries/lftruncate.o
                0x810097d4                lftruncate
 .text          0x810098dc       0x70 binaries/rflclose.o
                0x810098dc                rflclose
 .text          0x8100994c       0x28 binaries/rflgetc.o
                0x8100994c                rflgetc
 .text          0x81009974       0x54 binaries/rflinit.o
                0x81009974                rflinit
 .text          0x810099c8       0x30 binaries/rflputc.o
                0x810099c8                rflputc
 .text          0x810099f8      0x28c binaries/rflread.o
                0x810099f8                rflread
 .text          0x81009c84       0x74 binaries/rflseek.o
                0x81009c84                rflseek
 .text          0x81009cf8      0x2c8 binaries/rflwrite.o
                0x81009cf8                rflwrite
 .text          0x81009fc0      0x198 binaries/rfscomm.o
                0x81009fc0                rfscomm
 .text          0x8100a158      0x224 binaries/rfscontrol.o
                0x8100a158                rfscontrol
 .text          0x8100a37c       0xc8 binaries/rfsgetmode.o
                0x8100a37c                rfsgetmode
 .text          0x8100a444       0x84 binaries/rfsinit.o
                0x8100a444                rfsinit
 .text          0x8100a4c8       0xa4 binaries/rfsndmsg.o
                0x8100a4c8                rfsndmsg
 .text          0x8100a56c      0x22c binaries/rfsopen.o
                0x8100a56c                rfsopen
 .text          0x8100a798       0x8c binaries/spicontrol.o
                0x8100a798                spicontrol
 .text          0x8100a824       0xa8 binaries/spiinit.o
                0x8100a824                spiinit
 .text          0x8100a8cc       0x30 binaries/gpiohandler.o
                0x8100a8cc                gpiohandler
 .text          0x8100a8fc       0xa0 binaries/gpiohandlerout.o
                0x8100a8fc                gpiohandler_out
 .text          0x8100a99c      0x174 binaries/gpioinit.o
                0x8100a99c                clk_configure
                0x8100a9ec                configure_gpio_registers
                0x8100aa10                configure_led_gpio_registers
                0x8100aa48                gpioinit
 .text          0x8100ab10       0x64 binaries/gpiokickout.o
                0x8100ab10                gpiokickout
 .text          0x8100ab74       0x38 binaries/gpioread.o
                0x8100ab74                gpioread
 .text          0x8100abac       0xb4 binaries/gpiowrite.o
                0x8100abac                gpiowrite
 .text          0x8100ac60       0x38 binaries/adchandler.o
                0x8100ac60                adchandler
 .text          0x8100ac98      0x418 binaries/adcinit.o
                0x8100ac98                InitialL4Clock
                0x8100ae04                initadcinterrupt
                0x8100ae48                ADCStepConfig
                0x8100aeb8                ADCStepAnalogSupplyConfig
                0x8100af0c                ADCStepAnalogGroundConfig
                0x8100af7c                adcinit
 .text          0x8100b0b0       0xb4 binaries/adcread.o
                0x8100b0b0                adcread
 .text          0x8100b164        0x8 binaries/tempinit.o
                0x8100b164                tempinit
 .text          0x8100b16c       0x80 binaries/tempread.o
                0x8100b16c                tempread
 .text          0x8100b1ec       0x90 binaries/direction.o
                0x8100b1ec                direction
 .text          0x8100b27c        0x8 binaries/motorinit.o
                0x8100b27c                motorinit
 .text          0x8100b284       0x90 binaries/motorread.o
                0x8100b284                motorread
 .text          0x8100b314       0xec binaries/motorwrite.o
                0x8100b314                motorwrite
 .text          0x8100b400       0x40 binaries/ledinit.o
                0x8100b400                ledinit
 .text          0x8100b440       0x14 binaries/ledread.o
                0x8100b440                ledread
 .text          0x8100b454       0x60 binaries/ledwrite.o
                0x8100b454                ledwrite
 .text          0x8100b4b4        0x8 binaries/buzinit.o
                0x8100b4b4                buzinit
 .text          0x8100b4bc       0x14 binaries/buzread.o
                0x8100b4bc                buzread
 .text          0x8100b4d0       0x10 binaries/buzwrite.o
                0x8100b4d0                buzwrite
 .text          0x8100b4e0      0x1e0 binaries/nokiatune.o
                0x8100b4e0                nokiatune
 .text          0x8100b6c0      0x714 binaries/arp.o
                0x8100b6c0                arp_init
                0x8100b6e0                arp_alloc
                0x8100b7b4                arp_ntoh
                0x8100b858                arp_hton
                0x8100b8fc                arp_resolve
                0x8100bb60                arp_in
 .text          0x8100bdd4      0x6b0 binaries/dhcp.o
                0x8100bdd4                dhcp_get_opt_val
                0x8100be34                dhcp_bld_bootp_msg
                0x8100bf2c                dhcp_bld_disc
                0x8100bf80                dhcp_bld_req
                0x8100c044                getlocalip
 .text          0x8100c484      0x56c binaries/dns.o
                0x8100c56c                dnslookup
 .text          0x8100c9f0      0x120 binaries/dot2ip.o
                0x8100c9f0                dot2ip
 .text          0x8100cb10      0x33c binaries/hexdump.o
                0x8100cb10                hexdump
                0x8100cc70                hexadump
 .text          0x8100ce4c      0x660 binaries/icmp.o
                0x8100ce4c                icmp_init
                0x8100ce70                icmp_register
                0x8100cf2c                icmp_recv
                0x8100d07c                icmp_mkpkt
                0x8100d16c                icmp_in
                0x8100d2b8                icmp_send
                0x8100d328                icmp_release
                0x8100d3e4                icmp_cksum
                0x8100d444                icmp_hton
                0x8100d478                icmp_ntoh
 .text          0x8100d4ac      0x674 binaries/ip.o
                0x8100d4ac                ip_local
                0x8100d4dc                ipcksum
                0x8100d520                ip_ntoh
                0x8100d5c4                ip_in
                0x8100d700                ip_hton
                0x8100d7a4                ip_out
                0x8100d858                ip_send
                0x8100d988                ipout
                0x8100da84                ip_enqueue
 .text          0x8100db20      0x228 binaries/net.o
                0x8100db20                net_init
                0x8100dc28                eth_hton
                0x8100dc3c                eth_ntoh
                0x8100dc50                netin
                0x8100dcf8                getport
 .text          0x8100dd48      0x9dc binaries/pdump.o
                0x8100dd48                pdump
                0x8100e2d4                pdumph
 .text          0x8100e724      0x56c binaries/tftp.o
                0x8100e724                tftp_send1
                0x8100e810                tftpget_mb
                0x8100ec5c                tftpget
 .text          0x8100ec90      0x890 binaries/udp.o
                0x8100ec90                udp_init
                0x8100ecb8                udp_in
                0x8100eda4                udp_register
                0x8100eea0                udp_recv
                0x8100efd4                udp_recvaddr
                0x8100f124                udp_send
                0x8100f29c                udp_sendto
                0x8100f3fc                udp_release
                0x8100f4b8                udp_ntoh
                0x8100f4ec                udp_hton
 .text          0x8100f520      0x120 binaries/addargs.o
                0x8100f520                addargs
 .text          0x8100f640      0x2b4 binaries/lexan.o
                0x8100f640                lexan
 .text          0x8100f8f4      0x6ac binaries/shell.o
                0x8100f8f4                shell
 .text          0x8100ffa0       0x64 binaries/xsh_argecho.o
                0x8100ffa0                xsh_argecho
 .text          0x81010004      0x1f8 binaries/xsh_arp.o
                0x81010004                xsh_arp
 .text          0x810101fc      0x23c binaries/xsh_cat.o
                0x810101fc                xsh_cat
 .text          0x81010438       0x5c binaries/xsh_clear.o
                0x81010438                xsh_clear
 .text          0x81010494      0x29c binaries/xsh_date.o
                0x81010494                xsh_date
 .text          0x81010730       0x98 binaries/xsh_devdump.o
                0x81010730                xsh_devdump
 .text          0x810107c8       0x68 binaries/xsh_echo.o
                0x810107c8                xsh_echo
 .text          0x81010830        0x8 binaries/xsh_exit.o
                0x81010830                xsh_exit
 .text          0x81010838      0x3d0 binaries/xsh_help.o
                0x81010838                xsh_help
 .text          0x81010c08      0x1f8 binaries/xsh_kill.o
                0x81010c08                xsh_kill
 .text          0x81010e00      0x490 binaries/xsh_memdump.o
                0x81010efc                xsh_memdump
 .text          0x81011290      0x224 binaries/xsh_memstat.o
                0x81011290                xsh_memstat
 .text          0x810114b4      0x3fc binaries/xsh_netinfo.o
                0x810114b4                xsh_netinfo
 .text          0x810118b0      0x3b0 binaries/xsh_ping.o
                0x810118b0                xsh_ping
 .text          0x81011c60      0x220 binaries/xsh_ps.o
                0x81011c60                xsh_ps
 .text          0x81011e80      0x1cc binaries/xsh_sleep.o
                0x81011e80                xsh_sleep
 .text          0x8101204c      0x244 binaries/xsh_udpdump.o
                0x8101204c                xsh_udpdump
 .text          0x81012290      0x400 binaries/xsh_udpecho.o
                0x81012290                xsh_udpecho
 .text          0x81012690      0x254 binaries/xsh_udpserver.o
                0x81012690                xsh_udpeserver
 .text          0x810128e4      0x1ac binaries/xsh_uptime.o
                0x810128e4                xsh_uptime
 .text          0x81012a90       0x2c binaries/ctxsw.o
                0x81012a90                ctxsw
 .text          0x81012abc      0x100 binaries/intr.o
                0x81012abc                disable
                0x81012ac8                restore
                0x81012aec                enable
                0x81012af4                pause
                0x81012af4                halt
                0x81012afc                irq_except
                0x81012b2c                initevec
                0x81012b8c                expjmpinstr
 .text          0x81012bbc      0x114 ../cross_compiler/lib/gcc/arm-none-eabi/4.8.1//libgcc.a(_udivsi3.o)
                0x81012bbc                __udivsi3
                0x81012bbc                __aeabi_uidiv
                0x81012cb0                __aeabi_uidivmod
 .text          0x81012cd0      0x148 ../cross_compiler/lib/gcc/arm-none-eabi/4.8.1//libgcc.a(_divsi3.o)
                0x81012cd0                __aeabi_idiv
                0x81012cd0                __divsi3
                0x81012df8                __aeabi_idivmod
 .text          0x81012e18        0x4 ../cross_compiler/lib/gcc/arm-none-eabi/4.8.1//libgcc.a(_dvmd_tls.o)
                0x81012e18                __aeabi_ldiv0
                0x81012e18                __aeabi_idiv0
 .text          0x81012e1c      0x41c ../cross_compiler/lib/gcc/arm-none-eabi/4.8.1//libgcc.a(_arm_addsubdf3.o)
                0x81012e1c                __aeabi_drsub
                0x81012e24                __aeabi_dsub
                0x81012e24                __subdf3
                0x81012e28                __adddf3
                0x81012e28                __aeabi_dadd
                0x81013138                __aeabi_ui2d
                0x81013138                __floatunsidf
                0x8101315c                __floatsidf
                0x8101315c                __aeabi_i2d
                0x81013184                __extendsfdf2
                0x81013184                __aeabi_f2d
                0x810131c4                __aeabi_ul2d
                0x810131c4                __floatundidf
                0x810131d8                __floatdidf
                0x810131d8                __aeabi_l2d
 .text          0x81013238      0x49c ../cross_compiler/lib/gcc/arm-none-eabi/4.8.1//libgcc.a(_arm_muldivdf3.o)
                0x81013238                __aeabi_dmul
                0x81013238                __muldf3
                0x810134c8                __aeabi_ddiv
                0x810134c8                __divdf3
 .text          0x810136d4      0x144 ../cross_compiler/lib/gcc/arm-none-eabi/4.8.1//libgcc.a(_arm_cmpdf2.o)
                0x810136d4                __gtdf2
                0x810136d4                __gedf2
                0x810136dc                __ltdf2
                0x810136dc                __ledf2
                0x810136e4                __cmpdf2
                0x810136e4                __eqdf2
                0x810136e4                __nedf2
                0x8101376c                __aeabi_cdrcmple
                0x81013788                __aeabi_cdcmple
                0x81013788                __aeabi_cdcmpeq
                0x810137a0                __aeabi_dcmpeq
                0x810137b8                __aeabi_dcmplt
                0x810137d0                __aeabi_dcmple
                0x810137e8                __aeabi_dcmpge
                0x81013800                __aeabi_dcmpgt
 .text          0x81013818       0x5c ../cross_compiler/lib/gcc/arm-none-eabi/4.8.1//libgcc.a(_arm_fixdfsi.o)
                0x81013818                __fixdfsi
                0x81013818                __aeabi_d2iz
 .text          0x81013874       0xa0 ../cross_compiler/lib/gcc/arm-none-eabi/4.8.1//libgcc.a(_arm_truncdfsf2.o)
                0x81013874                __aeabi_d2f
                0x81013874                __truncdfsf2
 .text          0x81013914      0x2f8 ../cross_compiler/lib/gcc/arm-none-eabi/4.8.1//libgcc.a(_arm_muldivsf3.o)
                0x81013914                __mulsf3
                0x81013914                __aeabi_fmul
                0x81013aac                __divsf3
                0x81013aac                __aeabi_fdiv
 .text          0x81013c0c       0x5c ../cross_compiler/lib/gcc/arm-none-eabi/4.8.1//libgcc.a(_arm_fixsfsi.o)
                0x81013c0c                __fixsfsi
                0x81013c0c                __aeabi_f2iz
 *(.rodata .rodata.*)
 .rodata.str1.4
                0x81013c68       0x78 binaries/ascdate.o
 .rodata.str1.4
                0x81013ce0      0x100 binaries/conf.o
 .rodata.str1.4
                0x81013de0       0x61 binaries/getutime.o
                                 0x64 (size before relaxing)
 *fill*         0x81013e41        0x3 
 .rodata.str1.4
                0x81013e44      0x188 binaries/initialize.o
                                0x18c (size before relaxing)
 .rodata.str1.4
                0x81013fcc       0x97 binaries/main.o
                                 0x98 (size before relaxing)
 *fill*         0x81014063        0x1 
 .rodata.str1.4
                0x81014064        0xf binaries/panic.o
                                 0x10 (size before relaxing)
 *fill*         0x81014073        0x1 
 .rodata.str1.4
                0x81014074       0x1d binaries/ptinit.o
                                 0x20 (size before relaxing)
 *fill*         0x81014091        0x3 
 .rodata.str1.4
                0x81014094       0x25 binaries/ptsend.o
                                 0x28 (size before relaxing)
 *fill*         0x810140b9        0x3 
 .rodata.str1.4
                0x810140bc       0x27 binaries/xdone.o
                                 0x28 (size before relaxing)
 *fill*         0x810140e3        0x1 
 .rodata        0x810140e4       0x84 binaries/ctype_.o
                0x810140e4                _ctype_
 .rodata.str1.4
                0x81014168       0x2f binaries/doprnt.o
                                 0x30 (size before relaxing)
 .rodata.str1.4
                0x00000000       0x30 binaries/fdoprnt.o
 *fill*         0x81014197        0x1 
 .rodata.str1.4
                0x81014198       0x86 binaries/naminit.o
                                 0x90 (size before relaxing)
 *fill*         0x8101421e        0x2 
 .rodata.str1.4
                0x81014220       0xe5 binaries/ethinit.o
                                 0xe8 (size before relaxing)
 *fill*         0x81014305        0x3 
 .rodata.str1.4
                0x81014308       0x12 binaries/ethread.o
                                 0x14 (size before relaxing)
 *fill*         0x8101431a        0x2 
 .rodata.str1.4
                0x8101431c       0x2c binaries/rdsbufalloc.o
 .rodata.str1.4
                0x81014348       0x76 binaries/rdscomm.o
                                 0x78 (size before relaxing)
 *fill*         0x810143be        0x2 
 .rodata.str1.4
                0x810143c0       0x48 binaries/rdscontrol.o
 .rodata.str1.4
                0x81014408       0x96 binaries/rdsinit.o
                                 0x98 (size before relaxing)
 *fill*         0x8101449e        0x2 
 .rodata.str1.4
                0x810144a0       0x22 binaries/rdsopen.o
                                 0x24 (size before relaxing)
 *fill*         0x810144c2        0x2 
 .rodata.str1.4
                0x810144c4       0x4d binaries/rdsprocess.o
                                 0x50 (size before relaxing)
 *fill*         0x81014511        0x3 
 .rodata.str1.4
                0x81014514        0x9 binaries/raminit.o
                                  0xc (size before relaxing)
 *fill*         0x8101451d        0x3 
 .rodata.str1.4
                0x81014520       0x37 binaries/lfdballoc.o
                                 0x38 (size before relaxing)
 *fill*         0x81014557        0x1 
 .rodata.str1.4
                0x81014558       0x14 binaries/lfiballoc.o
 .rodata.str1.4
                0x8101456c       0x23 binaries/lflcontrol.o
                                 0x24 (size before relaxing)
 *fill*         0x8101458f        0x1 
 .rodata.str1.4
                0x81014590      0x11f binaries/lfsckfmt.o
                                0x120 (size before relaxing)
 *fill*         0x810146af        0x1 
 .rodata.str1.4
                0x810146b0       0x2a binaries/lfsopen.o
                                 0x2c (size before relaxing)
 *fill*         0x810146da        0x2 
 .rodata.str1.4
                0x810146dc       0x21 binaries/rflread.o
                                 0x24 (size before relaxing)
 .rodata.str1.4
                0x00000000       0x24 binaries/rflwrite.o
 *fill*         0x810146fd        0x3 
 .rodata.str1.4
                0x81014700       0x75 binaries/rfscomm.o
                                 0x78 (size before relaxing)
 *fill*         0x81014775        0x3 
 .rodata.str1.4
                0x81014778       0x23 binaries/rfscontrol.o
                                 0x24 (size before relaxing)
 *fill*         0x8101479b        0x1 
 .rodata.str1.4
                0x8101479c       0x63 binaries/rfsinit.o
                                 0x64 (size before relaxing)
 *fill*         0x810147ff        0x1 
 .rodata.str1.4
                0x81014800       0x2a binaries/rfsndmsg.o
                                 0x2c (size before relaxing)
 .rodata.str1.4
                0x00000000       0x24 binaries/rfsopen.o
 *fill*         0x8101482a        0x2 
 .rodata.str1.4
                0x8101482c       0x4f binaries/gpioinit.o
                                 0x50 (size before relaxing)
 *fill*         0x8101487b        0x1 
 .rodata.str1.4
                0x8101487c       0x11 binaries/gpiokickout.o
                                 0x14 (size before relaxing)
 *fill*         0x8101488d        0x3 
 .rodata.str1.4
                0x81014890       0x22 binaries/gpioread.o
                                 0x24 (size before relaxing)
 *fill*         0x810148b2        0x2 
 .rodata.str1.4
                0x810148b4        0x8 binaries/ledwrite.o
 .rodata.str1.4
                0x810148bc       0x3d binaries/arp.o
                                 0x40 (size before relaxing)
 *fill*         0x810148f9        0x3 
 .rodata.str1.4
                0x810148fc       0xd3 binaries/dhcp.o
                                 0xd4 (size before relaxing)
 *fill*         0x810149cf        0x1 
 .rodata.str1.4
                0x810149d0       0x1a binaries/dns.o
                                 0x1c (size before relaxing)
 *fill*         0x810149ea        0x2 
 .rodata.str1.4
                0x810149ec       0xca binaries/hexdump.o
                                 0xd8 (size before relaxing)
 *fill*         0x81014ab6        0x2 
 .rodata.str1.4
                0x81014ab8       0x29 binaries/icmp.o
                                 0x2c (size before relaxing)
 *fill*         0x81014ae1        0x3 
 .rodata.str1.4
                0x81014ae4       0x6e binaries/ip.o
                                 0x70 (size before relaxing)
 *fill*         0x81014b52        0x2 
 .rodata.str1.4
                0x81014b54       0x53 binaries/net.o
                                 0x54 (size before relaxing)
 *fill*         0x81014ba7        0x1 
 .rodata.str1.4
                0x81014ba8      0x292 binaries/pdump.o
                                0x298 (size before relaxing)
 *fill*         0x81014e3a        0x2 
 .rodata.str1.4
                0x81014e3c      0x154 binaries/tftp.o
                                0x158 (size before relaxing)
 .rodata        0x81014f90       0xfc binaries/shell.o
                0x81014f90                cmdtab
 .rodata.str1.4
                0x8101508c      0x2e6 binaries/shell.o
                                0x2f0 (size before relaxing)
 *fill*         0x81015372        0x2 
 .rodata.str1.4
                0x81015374       0x29 binaries/xsh_argecho.o
                                 0x30 (size before relaxing)
 *fill*         0x8101539d        0x3 
 .rodata.str1.4
                0x810153a0      0x13e binaries/xsh_arp.o
                                0x144 (size before relaxing)
 *fill*         0x810154de        0x2 
 .rodata.str1.4
                0x810154e0       0x81 binaries/xsh_cat.o
                                 0xd4 (size before relaxing)
 *fill*         0x81015561        0x3 
 .rodata.str1.4
                0x81015564       0x19 binaries/xsh_clear.o
                                 0x1c (size before relaxing)
 *fill*         0x8101557d        0x3 
 .rodata.str1.4
                0x81015580      0x1af binaries/xsh_date.o
                                0x1cc (size before relaxing)
 *fill*         0x8101572f        0x1 
 .rodata.str1.4
                0x81015730       0x61 binaries/xsh_devdump.o
                                 0x64 (size before relaxing)
 *fill*         0x81015791        0x3 
 .rodata.str1.4
                0x81015794        0x4 binaries/xsh_echo.o
                                  0xc (size before relaxing)
 .rodata.str1.4
                0x81015798       0xe7 binaries/xsh_help.o
                                0x17c (size before relaxing)
 *fill*         0x8101587f        0x1 
 .rodata.str1.4
                0x81015880       0xc8 binaries/xsh_kill.o
                                0x138 (size before relaxing)
 .rodata.str1.4
                0x81015948      0x226 binaries/xsh_memdump.o
                                0x27c (size before relaxing)
 *fill*         0x81015b6e        0x2 
 .rodata.str1.4
                0x81015b70      0x1cc binaries/xsh_memstat.o
                                0x234 (size before relaxing)
 .rodata.str1.4
                0x81015d3c      0x10f binaries/xsh_netinfo.o
                                0x1cc (size before relaxing)
 *fill*         0x81015e4b        0x1 
 .rodata.str1.4
                0x81015e4c      0x13f binaries/xsh_ping.o
                                0x1b4 (size before relaxing)
 *fill*         0x81015f8b        0x1 
 .rodata        0x81015f8c       0x20 binaries/xsh_ps.o
 .rodata.str1.4
                0x81015fac      0x11a binaries/xsh_ps.o
                                0x1d4 (size before relaxing)
 *fill*         0x810160c6        0x2 
 .rodata.str1.4
                0x810160c8       0x5e binaries/xsh_sleep.o
                                 0xf8 (size before relaxing)
 *fill*         0x81016126        0x2 
 .rodata        0x81016128        0xc binaries/xsh_udpdump.o
 .rodata.str1.4
                0x81016134      0x122 binaries/xsh_udpdump.o
                                0x1e0 (size before relaxing)
 *fill*         0x81016256        0x2 
 .rodata.str1.4
                0x81016258      0x1ae binaries/xsh_udpecho.o
                                0x224 (size before relaxing)
 *fill*         0x81016406        0x2 
 .rodata.str1.4
                0x81016408       0x97 binaries/xsh_udpserver.o
                                0x13c (size before relaxing)
 *fill*         0x8101649f        0x1 
 .rodata.str1.4
                0x810164a0       0x78 binaries/xsh_uptime.o
                                0x114 (size before relaxing)
                0x81016518                etext = ABSOLUTE (.)
                0x81017000                . = ALIGN (0x1000)
 *fill*         0x81016518      0xae8 

.glue_7         0x81017000        0x0
 .glue_7        0x00000000        0x0 linker stubs

.glue_7t        0x81017000        0x0
 .glue_7t       0x00000000        0x0 linker stubs

.vfp11_veneer   0x81017000        0x0
 .vfp11_veneer  0x00000000        0x0 linker stubs

.v4_bx          0x81017000        0x0
 .v4_bx         0x00000000        0x0 linker stubs

.iplt           0x81017000        0x0
 .iplt          0x00000000        0x0 binaries/start.o

.rel.dyn        0x81017000        0x0
 .rel.iplt      0x00000000        0x0 binaries/start.o

.data           0x81017000     0x1000
                0x81017000                data = ABSOLUTE (.)
 *(.data .data.*)
 .data          0x81017000        0x0 binaries/start.o
 .data          0x81017000       0x88 binaries/ascdate.o
                0x81017000                Date
 .data          0x81017088        0x0 binaries/bufinit.o
 .data          0x81017088        0x0 binaries/chprio.o
 .data          0x81017088        0x4 binaries/clkhandler.o
 .data          0x8101708c        0x0 binaries/clkinit.o
 .data          0x8101708c        0x0 binaries/close.o
 .data          0x8101708c      0x780 binaries/conf.o
                0x8101708c                devtab
 .data          0x8101780c        0x0 binaries/control.o
 .data          0x8101780c        0x4 binaries/create.o
 .data          0x81017810       0x40 binaries/evec.o
                0x81017810                expmsg2
                0x81017824                expmsg1
 .data          0x81017850        0x0 binaries/exit.o
 .data          0x81017850        0x0 binaries/freebuf.o
 .data          0x81017850        0x0 binaries/freemem.o
 .data          0x81017850        0x0 binaries/getbuf.o
 .data          0x81017850        0x0 binaries/getc.o
 .data          0x81017850        0x0 binaries/getdev.o
 .data          0x81017850        0x0 binaries/getitem.o
 .data          0x81017850        0x0 binaries/getmem.o
 .data          0x81017850        0x0 binaries/getpid.o
 .data          0x81017850        0x0 binaries/getprio.o
 .data          0x81017850        0x0 binaries/getstk.o
 .data          0x81017850        0x0 binaries/getticks.o
 .data          0x81017850        0x0 binaries/gettime.o
 .data          0x81017850        0x0 binaries/getutime.o
 .data          0x81017850        0x0 binaries/init.o
 .data          0x81017850        0x0 binaries/initialize.o
 .data          0x81017850        0x0 binaries/insert.o
 .data          0x81017850        0x0 binaries/insertd.o
 .data          0x81017850        0x0 binaries/ioerr.o
 .data          0x81017850        0x0 binaries/ionull.o
 .data          0x81017850        0x0 binaries/kill.o
 .data          0x81017850        0x0 binaries/kprintf.o
 .data          0x81017850        0x0 binaries/main.o
 .data          0x81017850        0x0 binaries/mark.o
 .data          0x81017850        0x0 binaries/meminit.o
 .data          0x81017850        0x0 binaries/mkbufpool.o
 .data          0x81017850        0x2 binaries/newqueue.o
 .data          0x81017852        0x0 binaries/open.o
 .data          0x81017852        0x0 binaries/panic.o
 .data          0x81017852        0x0 binaries/platinit.o
 .data          0x81017852        0x0 binaries/ptclear.o
 .data          0x81017852        0x0 binaries/ptcount.o
 .data          0x81017852        0x0 binaries/ptcreate.o
 .data          0x81017852        0x0 binaries/ptdelete.o
 .data          0x81017852        0x0 binaries/ptinit.o
 .data          0x81017852        0x0 binaries/ptrecv.o
 .data          0x81017852        0x0 binaries/ptreset.o
 .data          0x81017852        0x0 binaries/ptsend.o
 .data          0x81017852        0x0 binaries/putc.o
 .data          0x81017852        0x0 binaries/queue.o
 .data          0x81017852        0x0 binaries/read.o
 .data          0x81017852        0x0 binaries/ready.o
 .data          0x81017852        0x0 binaries/receive.o
 .data          0x81017852        0x0 binaries/recvclr.o
 .data          0x81017852        0x0 binaries/recvtime.o
 .data          0x81017852        0x0 binaries/resched.o
 .data          0x81017852        0x0 binaries/resume.o
 .data          0x81017852        0x0 binaries/seek.o
 .data          0x81017852        0x0 binaries/semcount.o
 .data          0x81017852        0x0 binaries/semcreate.o
 .data          0x81017852        0x0 binaries/semdelete.o
 .data          0x81017852        0x0 binaries/semreset.o
 .data          0x81017852        0x0 binaries/send.o
 .data          0x81017852        0x0 binaries/signal.o
 .data          0x81017852        0x0 binaries/signaln.o
 .data          0x81017852        0x0 binaries/sleep.o
 .data          0x81017852        0x0 binaries/suspend.o
 .data          0x81017852        0x0 binaries/unsleep.o
 .data          0x81017852        0x0 binaries/userret.o
 .data          0x81017852        0x0 binaries/wait.o
 .data          0x81017852        0x0 binaries/wakeup.o
 .data          0x81017852        0x0 binaries/write.o
 .data          0x81017852        0x0 binaries/xdone.o
 .data          0x81017852        0x0 binaries/yield.o
 .data          0x81017852        0x0 binaries/abs.o
 .data          0x81017852        0x0 binaries/atoi.o
 .data          0x81017852        0x0 binaries/atol.o
 .data          0x81017852        0x0 binaries/bzero.o
 .data          0x81017852        0x0 binaries/ctype_.o
 .data          0x81017852        0x0 binaries/doprnt.o
 *fill*         0x81017852        0x2 
 .data          0x81017854       0x80 binaries/doscan.o
                0x81017854                _sctab
 .data          0x810178d4        0x0 binaries/fdoprnt.o
 .data          0x810178d4        0x0 binaries/fgetc.o
 .data          0x810178d4        0x0 binaries/fgets.o
 .data          0x810178d4        0x0 binaries/fprintf.o
 .data          0x810178d4        0x0 binaries/fputc.o
 .data          0x810178d4        0x0 binaries/fputs.o
 .data          0x810178d4        0x0 binaries/fscanf.o
 .data          0x810178d4        0x0 binaries/getchar.o
 .data          0x810178d4        0x0 binaries/labs.o
 .data          0x810178d4        0x0 binaries/memchr.o
 .data          0x810178d4        0x0 binaries/memcmp.o
 .data          0x810178d4        0x0 binaries/memcpy.o
 .data          0x810178d4        0x0 binaries/memset.o
 .data          0x810178d4        0x0 binaries/printf.o
 .data          0x810178d4        0x0 binaries/putchar.o
 .data          0x810178d4        0x0 binaries/qsort.o
 .data          0x810178d4        0x4 binaries/rand.o
 .data          0x810178d8        0x0 binaries/sprintf.o
 .data          0x810178d8        0x0 binaries/sscanf.o
 .data          0x810178d8        0x0 binaries/strchr.o
 .data          0x810178d8        0x0 binaries/strcmp.o
 .data          0x810178d8        0x0 binaries/strcpy.o
 .data          0x810178d8        0x0 binaries/strlen.o
 .data          0x810178d8        0x0 binaries/strncat.o
 .data          0x810178d8        0x0 binaries/strncmp.o
 .data          0x810178d8        0x0 binaries/strncpy.o
 .data          0x810178d8        0x0 binaries/strnlen.o
 .data          0x810178d8        0x0 binaries/strrchr.o
 .data          0x810178d8        0x0 binaries/strstr.o
 .data          0x810178d8        0x0 binaries/ttycontrol.o
 .data          0x810178d8        0x0 binaries/ttygetc.o
 .data          0x810178d8        0x0 binaries/ttyhandle_in.o
 .data          0x810178d8        0x0 binaries/ttyhandle_out.o
 .data          0x810178d8        0x0 binaries/ttyhandler.o
 .data          0x810178d8        0x0 binaries/ttyinit.o
 .data          0x810178d8        0x0 binaries/ttykickout.o
 .data          0x810178d8        0x0 binaries/ttyputc.o
 .data          0x810178d8        0x0 binaries/ttyread.o
 .data          0x810178d8        0x0 binaries/ttywrite.o
 .data          0x810178d8        0x0 binaries/mount.o
 .data          0x810178d8        0x0 binaries/naminit.o
 .data          0x810178d8        0x0 binaries/nammap.o
 .data          0x810178d8        0x0 binaries/namopen.o
 .data          0x810178d8        0x0 binaries/ethcontrol.o
 .data          0x810178d8        0x0 binaries/ethhandler.o
 .data          0x810178d8        0x0 binaries/ethinit.o
 .data          0x810178d8        0x0 binaries/ethread.o
 .data          0x810178d8        0x0 binaries/ethwrite.o
 .data          0x810178d8        0x0 binaries/rdsbufalloc.o
 .data          0x810178d8        0x0 binaries/rdsclose.o
 .data          0x810178d8        0x0 binaries/rdscomm.o
 .data          0x810178d8        0x0 binaries/rdscontrol.o
 .data          0x810178d8        0x0 binaries/rdsinit.o
 .data          0x810178d8        0x0 binaries/rdsopen.o
 .data          0x810178d8        0x0 binaries/rdsprocess.o
 .data          0x810178d8        0x0 binaries/rdsread.o
 .data          0x810178d8        0x0 binaries/rdswrite.o
 .data          0x810178d8        0x0 binaries/ramclose.o
 .data          0x810178d8        0x0 binaries/raminit.o
 .data          0x810178d8        0x0 binaries/ramopen.o
 .data          0x810178d8        0x0 binaries/ramread.o
 .data          0x810178d8        0x0 binaries/ramwrite.o
 .data          0x810178d8        0x0 binaries/lfdballoc.o
 .data          0x810178d8        0x0 binaries/lfdbfree.o
 .data          0x810178d8        0x0 binaries/lfflush.o
 .data          0x810178d8        0x0 binaries/lfgetmode.o
 .data          0x810178d8        0x0 binaries/lfiballoc.o
 .data          0x810178d8        0x0 binaries/lfibclear.o
 .data          0x810178d8        0x0 binaries/lfibget.o
 .data          0x810178d8        0x0 binaries/lfibput.o
 .data          0x810178d8        0x0 binaries/lflclose.o
 .data          0x810178d8        0x0 binaries/lflcontrol.o
 .data          0x810178d8        0x0 binaries/lflgetc.o
 .data          0x810178d8        0x0 binaries/lflinit.o
 .data          0x810178d8        0x0 binaries/lflputc.o
 .data          0x810178d8        0x0 binaries/lflread.o
 .data          0x810178d8        0x0 binaries/lflseek.o
 .data          0x810178d8        0x0 binaries/lflwrite.o
 .data          0x810178d8        0x0 binaries/lfscheck.o
 .data          0x810178d8        0x0 binaries/lfsckfmt.o
 .data          0x810178d8        0x0 binaries/lfscreate.o
 .data          0x810178d8        0x0 binaries/lfsetup.o
 .data          0x810178d8        0x0 binaries/lfsinit.o
 .data          0x810178d8        0x0 binaries/lfsopen.o
 .data          0x810178d8        0x0 binaries/lftruncate.o
 .data          0x810178d8        0x0 binaries/rflclose.o
 .data          0x810178d8        0x0 binaries/rflgetc.o
 .data          0x810178d8        0x0 binaries/rflinit.o
 .data          0x810178d8        0x0 binaries/rflputc.o
 .data          0x810178d8        0x0 binaries/rflread.o
 .data          0x810178d8        0x0 binaries/rflseek.o
 .data          0x810178d8        0x0 binaries/rflwrite.o
 .data          0x810178d8        0x0 binaries/rfscomm.o
 .data          0x810178d8        0x0 binaries/rfscontrol.o
 .data          0x810178d8        0x0 binaries/rfsgetmode.o
 .data          0x810178d8        0x0 binaries/rfsinit.o
 .data          0x810178d8        0x0 binaries/rfsndmsg.o
 .data          0x810178d8        0x0 binaries/rfsopen.o
 .data          0x810178d8        0x0 binaries/spicontrol.o
 .data          0x810178d8        0x0 binaries/spiinit.o
 .data          0x810178d8        0x0 binaries/gpiohandler.o
 .data          0x810178d8        0x0 binaries/gpiohandlerout.o
 .data          0x810178d8        0x0 binaries/gpioinit.o
 .data          0x810178d8        0x0 binaries/gpiokickout.o
 .data          0x810178d8        0x0 binaries/gpioread.o
 .data          0x810178d8        0x0 binaries/gpiowrite.o
 .data          0x810178d8        0x0 binaries/adchandler.o
 .data          0x810178d8        0x0 binaries/adcinit.o
 .data          0x810178d8        0x0 binaries/adcread.o
 .data          0x810178d8        0x0 binaries/tempinit.o
 .data          0x810178d8        0x0 binaries/tempread.o
 .data          0x810178d8        0x0 binaries/direction.o
 .data          0x810178d8        0x0 binaries/motorinit.o
 .data          0x810178d8        0x0 binaries/motorread.o
 .data          0x810178d8        0x0 binaries/motorwrite.o
 .data          0x810178d8        0x0 binaries/ledinit.o
 .data          0x810178d8        0x0 binaries/ledread.o
 .data          0x810178d8        0x0 binaries/ledwrite.o
 .data          0x810178d8        0x0 binaries/buzinit.o
 .data          0x810178d8        0x0 binaries/buzread.o
 .data          0x810178d8        0x0 binaries/buzwrite.o
 .data          0x810178d8        0x0 binaries/nokiatune.o
 .data          0x810178d8        0x0 binaries/arp.o
 .data          0x810178d8        0x0 binaries/dhcp.o
 .data          0x810178d8        0x0 binaries/dns.o
 .data          0x810178d8        0x0 binaries/dot2ip.o
 .data          0x810178d8        0x0 binaries/hexdump.o
 .data          0x810178d8        0x4 binaries/icmp.o
 .data          0x810178dc        0x0 binaries/ip.o
 .data          0x810178dc        0x0 binaries/net.o
 .data          0x810178dc        0x0 binaries/pdump.o
 .data          0x810178dc        0x0 binaries/tftp.o
 .data          0x810178dc        0x4 binaries/udp.o
 .data          0x810178e0        0x0 binaries/addargs.o
 .data          0x810178e0        0x0 binaries/lexan.o
 .data          0x810178e0        0x4 binaries/shell.o
                0x810178e0                ncmd
 .data          0x810178e4        0x0 binaries/xsh_argecho.o
 .data          0x810178e4        0x0 binaries/xsh_arp.o
 .data          0x810178e4        0x0 binaries/xsh_cat.o
 .data          0x810178e4        0x0 binaries/xsh_clear.o
 .data          0x810178e4        0x0 binaries/xsh_date.o
 .data          0x810178e4        0x0 binaries/xsh_devdump.o
 .data          0x810178e4        0x0 binaries/xsh_echo.o
 .data          0x810178e4        0x0 binaries/xsh_exit.o
 .data          0x810178e4        0x0 binaries/xsh_help.o
 .data          0x810178e4        0x0 binaries/xsh_kill.o
 .data          0x810178e4        0x0 binaries/xsh_memdump.o
 .data          0x810178e4        0x0 binaries/xsh_memstat.o
 .data          0x810178e4        0x0 binaries/xsh_netinfo.o
 .data          0x810178e4        0x0 binaries/xsh_ping.o
 .data          0x810178e4        0x0 binaries/xsh_ps.o
 .data          0x810178e4        0x0 binaries/xsh_sleep.o
 .data          0x810178e4        0x0 binaries/xsh_udpdump.o
 .data          0x810178e4        0x0 binaries/xsh_udpecho.o
 .data          0x810178e4        0x0 binaries/xsh_udpserver.o
 .data          0x810178e4        0x0 binaries/xsh_uptime.o
 .data          0x810178e4        0x0 binaries/ctxsw.o
 .data          0x810178e4        0x0 binaries/intr.o
 .data          0x810178e4        0x0 ../cross_compiler/lib/gcc/arm-none-eabi/4.8.1//libgcc.a(_udivsi3.o)
 .data          0x810178e4        0x0 ../cross_compiler/lib/gcc/arm-none-eabi/4.8.1//libgcc.a(_divsi3.o)
 .data          0x810178e4        0x0 ../cross_compiler/lib/gcc/arm-none-eabi/4.8.1//libgcc.a(_dvmd_tls.o)
 .data          0x810178e4        0x0 ../cross_compiler/lib/gcc/arm-none-eabi/4.8.1//libgcc.a(_arm_addsubdf3.o)
 .data          0x810178e4        0x0 ../cross_compiler/lib/gcc/arm-none-eabi/4.8.1//libgcc.a(_arm_muldivdf3.o)
 .data          0x810178e4        0x0 ../cross_compiler/lib/gcc/arm-none-eabi/4.8.1//libgcc.a(_arm_cmpdf2.o)
 .data          0x810178e4        0x0 ../cross_compiler/lib/gcc/arm-none-eabi/4.8.1//libgcc.a(_arm_fixdfsi.o)
 .data          0x810178e4        0x0 ../cross_compiler/lib/gcc/arm-none-eabi/4.8.1//libgcc.a(_arm_truncdfsf2.o)
 .data          0x810178e4        0x0 ../cross_compiler/lib/gcc/arm-none-eabi/4.8.1//libgcc.a(_arm_muldivsf3.o)
 .data          0x810178e4        0x0 ../cross_compiler/lib/gcc/arm-none-eabi/4.8.1//libgcc.a(_arm_fixsfsi.o)
                0x810178e4                edata = ABSOLUTE (.)
                0x81018000                . = ALIGN (0x1000)
 *fill*         0x810178e4      0x71c 

.igot.plt       0x81018000        0x0
 .igot.plt      0x00000000        0x0 binaries/start.o

.bss            0x81018000    0x20000
                0x81018000                bss = ABSOLUTE (.)
 *(.bss .bss.*)
 .bss           0x81018000        0x0 binaries/start.o
 .bss           0x81018000        0x0 binaries/ascdate.o
 .bss           0x81018000        0x0 binaries/bufinit.o
 .bss           0x81018000        0x0 binaries/chprio.o
 .bss           0x81018000        0x0 binaries/clkhandler.o
 .bss           0x81018000        0x4 binaries/clkinit.o
                0x81018000                ctr1000
 .bss           0x81018004        0x0 binaries/close.o
 .bss           0x81018004        0x0 binaries/conf.o
 .bss           0x81018004        0x0 binaries/control.o
 .bss           0x81018004        0x0 binaries/create.o
 .bss           0x81018004        0x0 binaries/evec.o
 .bss           0x81018004        0x0 binaries/exit.o
 .bss           0x81018004        0x0 binaries/freebuf.o
 .bss           0x81018004        0x0 binaries/freemem.o
 .bss           0x81018004        0x0 binaries/getbuf.o
 .bss           0x81018004        0x0 binaries/getc.o
 .bss           0x81018004        0x0 binaries/getdev.o
 .bss           0x81018004        0x0 binaries/getitem.o
 .bss           0x81018004        0x0 binaries/getmem.o
 .bss           0x81018004        0x0 binaries/getpid.o
 .bss           0x81018004        0x0 binaries/getprio.o
 .bss           0x81018004        0x0 binaries/getstk.o
 .bss           0x81018004        0x0 binaries/getticks.o
 .bss           0x81018004        0x0 binaries/gettime.o
 .bss           0x81018004        0x0 binaries/getutime.o
 .bss           0x81018004        0x0 binaries/init.o
 .bss           0x81018004        0x0 binaries/initialize.o
 .bss           0x81018004        0x0 binaries/insert.o
 .bss           0x81018004        0x0 binaries/insertd.o
 .bss           0x81018004        0x0 binaries/ioerr.o
 .bss           0x81018004        0x0 binaries/ionull.o
 .bss           0x81018004        0x0 binaries/kill.o
 .bss           0x81018004        0x0 binaries/kprintf.o
 .bss           0x81018004        0x0 binaries/main.o
 .bss           0x81018004        0x0 binaries/mark.o
 .bss           0x81018004        0x0 binaries/meminit.o
 .bss           0x81018004        0x0 binaries/mkbufpool.o
 .bss           0x81018004        0x0 binaries/newqueue.o
 .bss           0x81018004        0x0 binaries/open.o
 .bss           0x81018004        0x0 binaries/panic.o
 .bss           0x81018004        0x0 binaries/platinit.o
 .bss           0x81018004        0x0 binaries/ptclear.o
 .bss           0x81018004        0x0 binaries/ptcount.o
 .bss           0x81018004        0x0 binaries/ptcreate.o
 .bss           0x81018004        0x0 binaries/ptdelete.o
 .bss           0x81018004        0x0 binaries/ptinit.o
 .bss           0x81018004        0x0 binaries/ptrecv.o
 .bss           0x81018004        0x0 binaries/ptreset.o
 .bss           0x81018004        0x0 binaries/ptsend.o
 .bss           0x81018004        0x0 binaries/putc.o
 .bss           0x81018004        0x0 binaries/queue.o
 .bss           0x81018004        0x0 binaries/read.o
 .bss           0x81018004        0x0 binaries/ready.o
 .bss           0x81018004        0x0 binaries/receive.o
 .bss           0x81018004        0x0 binaries/recvclr.o
 .bss           0x81018004        0x0 binaries/recvtime.o
 .bss           0x81018004        0x0 binaries/resched.o
 .bss           0x81018004        0x0 binaries/resume.o
 .bss           0x81018004        0x0 binaries/seek.o
 .bss           0x81018004        0x0 binaries/semcount.o
 .bss           0x81018004        0x4 binaries/semcreate.o
 .bss           0x81018008        0x0 binaries/semdelete.o
 .bss           0x81018008        0x0 binaries/semreset.o
 .bss           0x81018008        0x0 binaries/send.o
 .bss           0x81018008        0x0 binaries/signal.o
 .bss           0x81018008        0x0 binaries/signaln.o
 .bss           0x81018008        0x0 binaries/sleep.o
 .bss           0x81018008        0x0 binaries/suspend.o
 .bss           0x81018008        0x0 binaries/unsleep.o
 .bss           0x81018008        0x0 binaries/userret.o
 .bss           0x81018008        0x0 binaries/wait.o
 .bss           0x81018008        0x0 binaries/wakeup.o
 .bss           0x81018008        0x0 binaries/write.o
 .bss           0x81018008        0x0 binaries/xdone.o
 .bss           0x81018008        0x0 binaries/yield.o
 .bss           0x81018008        0x0 binaries/abs.o
 .bss           0x81018008        0x0 binaries/atoi.o
 .bss           0x81018008        0x0 binaries/atol.o
 .bss           0x81018008        0x0 binaries/bzero.o
 .bss           0x81018008        0x0 binaries/ctype_.o
 .bss           0x81018008        0x0 binaries/doprnt.o
 .bss           0x81018008        0x0 binaries/doscan.o
 .bss           0x81018008        0x0 binaries/fdoprnt.o
 .bss           0x81018008        0x0 binaries/fgetc.o
 .bss           0x81018008        0x0 binaries/fgets.o
 .bss           0x81018008        0x0 binaries/fprintf.o
 .bss           0x81018008        0x0 binaries/fputc.o
 .bss           0x81018008        0x0 binaries/fputs.o
 .bss           0x81018008        0x0 binaries/fscanf.o
 .bss           0x81018008        0x0 binaries/getchar.o
 .bss           0x81018008        0x0 binaries/labs.o
 .bss           0x81018008        0x0 binaries/memchr.o
 .bss           0x81018008        0x0 binaries/memcmp.o
 .bss           0x81018008        0x0 binaries/memcpy.o
 .bss           0x81018008        0x0 binaries/memset.o
 .bss           0x81018008        0x0 binaries/printf.o
 .bss           0x81018008        0x0 binaries/putchar.o
 .bss           0x81018008        0x8 binaries/qsort.o
 .bss           0x81018010        0x0 binaries/rand.o
 .bss           0x81018010        0x0 binaries/sprintf.o
 .bss           0x81018010        0x0 binaries/sscanf.o
 .bss           0x81018010        0x0 binaries/strchr.o
 .bss           0x81018010        0x0 binaries/strcmp.o
 .bss           0x81018010        0x0 binaries/strcpy.o
 .bss           0x81018010        0x0 binaries/strlen.o
 .bss           0x81018010        0x0 binaries/strncat.o
 .bss           0x81018010        0x0 binaries/strncmp.o
 .bss           0x81018010        0x0 binaries/strncpy.o
 .bss           0x81018010        0x0 binaries/strnlen.o
 .bss           0x81018010        0x0 binaries/strrchr.o
 .bss           0x81018010        0x0 binaries/strstr.o
 .bss           0x81018010        0x0 binaries/ttycontrol.o
 .bss           0x81018010        0x0 binaries/ttygetc.o
 .bss           0x81018010        0x0 binaries/ttyhandle_in.o
 .bss           0x81018010        0x0 binaries/ttyhandle_out.o
 .bss           0x81018010        0x0 binaries/ttyhandler.o
 .bss           0x81018010        0x0 binaries/ttyinit.o
 .bss           0x81018010        0x0 binaries/ttykickout.o
 .bss           0x81018010        0x0 binaries/ttyputc.o
 .bss           0x81018010        0x0 binaries/ttyread.o
 .bss           0x81018010        0x0 binaries/ttywrite.o
 .bss           0x81018010        0x0 binaries/mount.o
 .bss           0x81018010        0x0 binaries/naminit.o
 .bss           0x81018010        0x0 binaries/nammap.o
 .bss           0x81018010        0x0 binaries/namopen.o
 .bss           0x81018010        0x0 binaries/ethcontrol.o
 .bss           0x81018010        0x0 binaries/ethhandler.o
 .bss           0x81018010        0x0 binaries/ethinit.o
 .bss           0x81018010        0x0 binaries/ethread.o
 .bss           0x81018010        0x0 binaries/ethwrite.o
 .bss           0x81018010        0x0 binaries/rdsbufalloc.o
 .bss           0x81018010        0x0 binaries/rdsclose.o
 .bss           0x81018010        0x0 binaries/rdscomm.o
 .bss           0x81018010        0x0 binaries/rdscontrol.o
 .bss           0x81018010        0x0 binaries/rdsinit.o
 .bss           0x81018010        0x0 binaries/rdsopen.o
 .bss           0x81018010        0x0 binaries/rdsprocess.o
 .bss           0x81018010        0x0 binaries/rdsread.o
 .bss           0x81018010        0x0 binaries/rdswrite.o
 .bss           0x81018010        0x0 binaries/ramclose.o
 .bss           0x81018010        0x0 binaries/raminit.o
 .bss           0x81018010        0x0 binaries/ramopen.o
 .bss           0x81018010        0x0 binaries/ramread.o
 .bss           0x81018010        0x0 binaries/ramwrite.o
 .bss           0x81018010        0x0 binaries/lfdballoc.o
 .bss           0x81018010        0x0 binaries/lfdbfree.o
 .bss           0x81018010        0x0 binaries/lfflush.o
 .bss           0x81018010        0x0 binaries/lfgetmode.o
 .bss           0x81018010        0x0 binaries/lfiballoc.o
 .bss           0x81018010        0x0 binaries/lfibclear.o
 .bss           0x81018010        0x0 binaries/lfibget.o
 .bss           0x81018010        0x0 binaries/lfibput.o
 .bss           0x81018010        0x0 binaries/lflclose.o
 .bss           0x81018010        0x0 binaries/lflcontrol.o
 .bss           0x81018010        0x0 binaries/lflgetc.o
 .bss           0x81018010        0x0 binaries/lflinit.o
 .bss           0x81018010        0x0 binaries/lflputc.o
 .bss           0x81018010        0x0 binaries/lflread.o
 .bss           0x81018010        0x0 binaries/lflseek.o
 .bss           0x81018010        0x0 binaries/lflwrite.o
 .bss           0x81018010        0x0 binaries/lfscheck.o
 .bss           0x81018010        0x0 binaries/lfsckfmt.o
 .bss           0x81018010        0x0 binaries/lfscreate.o
 .bss           0x81018010        0x0 binaries/lfsetup.o
 .bss           0x81018010        0x0 binaries/lfsinit.o
 .bss           0x81018010        0x0 binaries/lfsopen.o
 .bss           0x81018010        0x0 binaries/lftruncate.o
 .bss           0x81018010        0x0 binaries/rflclose.o
 .bss           0x81018010        0x0 binaries/rflgetc.o
 .bss           0x81018010        0x0 binaries/rflinit.o
 .bss           0x81018010        0x0 binaries/rflputc.o
 .bss           0x81018010        0x0 binaries/rflread.o
 .bss           0x81018010        0x0 binaries/rflseek.o
 .bss           0x81018010        0x0 binaries/rflwrite.o
 .bss           0x81018010        0x0 binaries/rfscomm.o
 .bss           0x81018010        0x0 binaries/rfscontrol.o
 .bss           0x81018010        0x0 binaries/rfsgetmode.o
 .bss           0x81018010        0x0 binaries/rfsinit.o
 .bss           0x81018010        0x0 binaries/rfsndmsg.o
 .bss           0x81018010        0x0 binaries/rfsopen.o
 .bss           0x81018010        0x0 binaries/spicontrol.o
 .bss           0x81018010        0x0 binaries/spiinit.o
 .bss           0x81018010        0x0 binaries/gpiohandler.o
 .bss           0x81018010        0x0 binaries/gpiohandlerout.o
 .bss           0x81018010        0x0 binaries/gpioinit.o
 .bss           0x81018010        0x0 binaries/gpiokickout.o
 .bss           0x81018010        0x0 binaries/gpioread.o
 .bss           0x81018010        0x0 binaries/gpiowrite.o
 .bss           0x81018010        0x0 binaries/adchandler.o
 .bss           0x81018010        0x0 binaries/adcinit.o
 .bss           0x81018010        0x0 binaries/adcread.o
 .bss           0x81018010        0x0 binaries/tempinit.o
 .bss           0x81018010        0x0 binaries/tempread.o
 .bss           0x81018010        0x0 binaries/direction.o
 .bss           0x81018010        0x0 binaries/motorinit.o
 .bss           0x81018010        0x0 binaries/motorread.o
 .bss           0x81018010        0x0 binaries/motorwrite.o
 .bss           0x81018010        0x0 binaries/ledinit.o
 .bss           0x81018010        0x0 binaries/ledread.o
 .bss           0x81018010        0x0 binaries/ledwrite.o
 .bss           0x81018010        0x0 binaries/buzinit.o
 .bss           0x81018010        0x0 binaries/buzread.o
 .bss           0x81018010        0x0 binaries/buzwrite.o
 .bss           0x81018010        0x0 binaries/nokiatune.o
 .bss           0x81018010        0x0 binaries/arp.o
 .bss           0x81018010        0x0 binaries/dhcp.o
 .bss           0x81018010        0x0 binaries/dns.o
 .bss           0x81018010        0x0 binaries/dot2ip.o
 .bss           0x81018010        0x0 binaries/hexdump.o
 .bss           0x81018010        0x0 binaries/icmp.o
 .bss           0x81018010        0x0 binaries/ip.o
 .bss           0x81018010        0x0 binaries/net.o
 .bss           0x81018010        0x0 binaries/pdump.o
 .bss           0x81018010        0x0 binaries/tftp.o
 .bss           0x81018010        0x0 binaries/udp.o
 .bss           0x81018010        0x0 binaries/addargs.o
 .bss           0x81018010        0x0 binaries/lexan.o
 .bss           0x81018010        0x0 binaries/shell.o
 .bss           0x81018010        0x0 binaries/xsh_argecho.o
 .bss           0x81018010        0x0 binaries/xsh_arp.o
 .bss           0x81018010        0x0 binaries/xsh_cat.o
 .bss           0x81018010        0x0 binaries/xsh_clear.o
 .bss           0x81018010        0x0 binaries/xsh_date.o
 .bss           0x81018010        0x0 binaries/xsh_devdump.o
 .bss           0x81018010        0x0 binaries/xsh_echo.o
 .bss           0x81018010        0x0 binaries/xsh_exit.o
 .bss           0x81018010        0x0 binaries/xsh_help.o
 .bss           0x81018010        0x0 binaries/xsh_kill.o
 .bss           0x81018010        0x0 binaries/xsh_memdump.o
 .bss           0x81018010        0x0 binaries/xsh_memstat.o
 .bss           0x81018010        0x0 binaries/xsh_netinfo.o
 .bss           0x81018010        0x4 binaries/xsh_ping.o
 .bss           0x81018014        0x0 binaries/xsh_ps.o
 .bss           0x81018014        0x0 binaries/xsh_sleep.o
 .bss           0x81018014        0x0 binaries/xsh_udpdump.o
 .bss           0x81018014        0x0 binaries/xsh_udpecho.o
 .bss           0x81018014        0x0 binaries/xsh_udpserver.o
 .bss           0x81018014        0x0 binaries/xsh_uptime.o
 .bss           0x81018014        0x0 binaries/ctxsw.o
 .bss           0x81018014        0x0 binaries/intr.o
 .bss           0x81018014        0x0 ../cross_compiler/lib/gcc/arm-none-eabi/4.8.1//libgcc.a(_udivsi3.o)
 .bss           0x81018014        0x0 ../cross_compiler/lib/gcc/arm-none-eabi/4.8.1//libgcc.a(_divsi3.o)
 .bss           0x81018014        0x0 ../cross_compiler/lib/gcc/arm-none-eabi/4.8.1//libgcc.a(_dvmd_tls.o)
 .bss           0x81018014        0x0 ../cross_compiler/lib/gcc/arm-none-eabi/4.8.1//libgcc.a(_arm_addsubdf3.o)
 .bss           0x81018014        0x0 ../cross_compiler/lib/gcc/arm-none-eabi/4.8.1//libgcc.a(_arm_muldivdf3.o)
[...]
                0x0000242b       0x35 binaries/rfscontrol.o
 .ARM.attributes
                0x00002460       0x35 binaries/rfsgetmode.o
 .ARM.attributes
                0x00002495       0x35 binaries/rfsinit.o
 .ARM.attributes
                0x000024ca       0x35 binaries/rfsndmsg.o
 .ARM.attributes
                0x000024ff       0x35 binaries/rfsopen.o
 .ARM.attributes
                0x00002534       0x35 binaries/spicontrol.o
 .ARM.attributes
                0x00002569       0x35 binaries/spiinit.o
 .ARM.attributes
                0x0000259e       0x35 binaries/gpiohandler.o
 .ARM.attributes
                0x000025d3       0x35 binaries/gpiohandlerout.o
 .ARM.attributes
                0x00002608       0x35 binaries/gpioinit.o
 .ARM.attributes
                0x0000263d       0x35 binaries/gpiokickout.o
 .ARM.attributes
                0x00002672       0x35 binaries/gpioread.o
 .ARM.attributes
                0x000026a7       0x35 binaries/gpiowrite.o
 .ARM.attributes
                0x000026dc       0x35 binaries/adchandler.o
 .ARM.attributes
                0x00002711       0x35 binaries/adcinit.o
 .ARM.attributes
                0x00002746       0x35 binaries/adcread.o
 .ARM.attributes
                0x0000277b       0x35 binaries/tempinit.o
 .ARM.attributes
                0x000027b0       0x35 binaries/tempread.o
 .ARM.attributes
                0x000027e5       0x35 binaries/direction.o
 .ARM.attributes
                0x0000281a       0x35 binaries/motorinit.o
 .ARM.attributes
                0x0000284f       0x35 binaries/motorread.o
 .ARM.attributes
                0x00002884       0x35 binaries/motorwrite.o
 .ARM.attributes
                0x000028b9       0x35 binaries/ledinit.o
 .ARM.attributes
                0x000028ee       0x35 binaries/ledread.o
 .ARM.attributes
                0x00002923       0x35 binaries/ledwrite.o
 .ARM.attributes
                0x00002958       0x35 binaries/buzinit.o
 .ARM.attributes
                0x0000298d       0x35 binaries/buzread.o
 .ARM.attributes
                0x000029c2       0x35 binaries/buzwrite.o
 .ARM.attributes
                0x000029f7       0x35 binaries/nokiatune.o
 .ARM.attributes
                0x00002a2c       0x35 binaries/arp.o
 .ARM.attributes
                0x00002a61       0x35 binaries/dhcp.o
 .ARM.attributes
                0x00002a96       0x35 binaries/dns.o
 .ARM.attributes
                0x00002acb       0x35 binaries/dot2ip.o
 .ARM.attributes
                0x00002b00       0x35 binaries/hexdump.o
 .ARM.attributes
                0x00002b35       0x35 binaries/icmp.o
 .ARM.attributes
                0x00002b6a       0x35 binaries/ip.o
 .ARM.attributes
                0x00002b9f       0x35 binaries/net.o
 .ARM.attributes
                0x00002bd4       0x35 binaries/pdump.o
 .ARM.attributes
                0x00002c09       0x35 binaries/tftp.o
 .ARM.attributes
                0x00002c3e       0x35 binaries/udp.o
 .ARM.attributes
                0x00002c73       0x35 binaries/addargs.o
 .ARM.attributes
                0x00002ca8       0x35 binaries/lexan.o
 .ARM.attributes
                0x00002cdd       0x35 binaries/shell.o
 .ARM.attributes
                0x00002d12       0x35 binaries/xsh_argecho.o
 .ARM.attributes
                0x00002d47       0x35 binaries/xsh_arp.o
 .ARM.attributes
                0x00002d7c       0x35 binaries/xsh_cat.o
 .ARM.attributes
                0x00002db1       0x35 binaries/xsh_clear.o
 .ARM.attributes
                0x00002de6       0x35 binaries/xsh_date.o
 .ARM.attributes
                0x00002e1b       0x35 binaries/xsh_devdump.o
 .ARM.attributes
                0x00002e50       0x35 binaries/xsh_echo.o
 .ARM.attributes
                0x00002e85       0x35 binaries/xsh_exit.o
 .ARM.attributes
                0x00002eba       0x35 binaries/xsh_help.o
 .ARM.attributes
                0x00002eef       0x35 binaries/xsh_kill.o
 .ARM.attributes
                0x00002f24       0x35 binaries/xsh_memdump.o
 .ARM.attributes
                0x00002f59       0x35 binaries/xsh_memstat.o
 .ARM.attributes
                0x00002f8e       0x35 binaries/xsh_netinfo.o
 .ARM.attributes
                0x00002fc3       0x35 binaries/xsh_ping.o
 .ARM.attributes
                0x00002ff8       0x35 binaries/xsh_ps.o
 .ARM.attributes
                0x0000302d       0x35 binaries/xsh_sleep.o
 .ARM.attributes
                0x00003062       0x35 binaries/xsh_udpdump.o
 .ARM.attributes
                0x00003097       0x35 binaries/xsh_udpecho.o
 .ARM.attributes
                0x000030cc       0x35 binaries/xsh_udpserver.o
 .ARM.attributes
                0x00003101       0x35 binaries/xsh_uptime.o
 .ARM.attributes
                0x00003136       0x25 binaries/ctxsw.o
 .ARM.attributes
                0x0000315b       0x25 binaries/intr.o
 .ARM.attributes
                0x00003180       0x18 ../cross_compiler/lib/gcc/arm-none-eabi/4.8.1//libgcc.a(_udivsi3.o)
 .ARM.attributes
                0x00003198       0x18 ../cross_compiler/lib/gcc/arm-none-eabi/4.8.1//libgcc.a(_divsi3.o)
 .ARM.attributes
                0x000031b0       0x18 ../cross_compiler/lib/gcc/arm-none-eabi/4.8.1//libgcc.a(_dvmd_tls.o)
 .ARM.attributes
                0x000031c8       0x18 ../cross_compiler/lib/gcc/arm-none-eabi/4.8.1//libgcc.a(_arm_addsubdf3.o)
 .ARM.attributes
                0x000031e0       0x18 ../cross_compiler/lib/gcc/arm-none-eabi/4.8.1//libgcc.a(_arm_muldivdf3.o)
 .ARM.attributes
                0x000031f8       0x18 ../cross_compiler/lib/gcc/arm-none-eabi/4.8.1//libgcc.a(_arm_cmpdf2.o)
 .ARM.attributes
                0x00003210       0x18 ../cross_compiler/lib/gcc/arm-none-eabi/4.8.1//libgcc.a(_arm_fixdfsi.o)
 .ARM.attributes
                0x00003228       0x18 ../cross_compiler/lib/gcc/arm-none-eabi/4.8.1//libgcc.a(_arm_truncdfsf2.o)
 .ARM.attributes
                0x00003240       0x18 ../cross_compiler/lib/gcc/arm-none-eabi/4.8.1//libgcc.a(_arm_muldivsf3.o)
 .ARM.attributes
                0x00003258       0x18 ../cross_compiler/lib/gcc/arm-none-eabi/4.8.1//libgcc.a(_arm_fixsfsi.o)

.comment        0x00000000       0x30
 .comment       0x00000000       0x30 binaries/ascdate.o
                                 0x31 (size before relaxing)
 .comment       0x00000000       0x31 binaries/bufinit.o
 .comment       0x00000000       0x31 binaries/chprio.o
 .comment       0x00000000       0x31 binaries/clkhandler.o
 .comment       0x00000000       0x31 binaries/clkinit.o
 .comment       0x00000000       0x31 binaries/close.o
 .comment       0x00000000       0x31 binaries/conf.o
 .comment       0x00000000       0x31 binaries/control.o
 .comment       0x00000000       0x31 binaries/create.o
 .comment       0x00000000       0x31 binaries/evec.o
 .comment       0x00000000       0x31 binaries/exit.o
 .comment       0x00000000       0x31 binaries/freebuf.o
 .comment       0x00000000       0x31 binaries/freemem.o
 .comment       0x00000000       0x31 binaries/getbuf.o
 .comment       0x00000000       0x31 binaries/getc.o
 .comment       0x00000000       0x31 binaries/getdev.o
 .comment       0x00000000       0x31 binaries/getitem.o
 .comment       0x00000000       0x31 binaries/getmem.o
 .comment       0x00000000       0x31 binaries/getpid.o
 .comment       0x00000000       0x31 binaries/getprio.o
 .comment       0x00000000       0x31 binaries/getstk.o
 .comment       0x00000000       0x31 binaries/getticks.o
 .comment       0x00000000       0x31 binaries/gettime.o
 .comment       0x00000000       0x31 binaries/getutime.o
 .comment       0x00000000       0x31 binaries/init.o
 .comment       0x00000000       0x31 binaries/initialize.o
 .comment       0x00000000       0x31 binaries/insert.o
 .comment       0x00000000       0x31 binaries/insertd.o
 .comment       0x00000000       0x31 binaries/ioerr.o
 .comment       0x00000000       0x31 binaries/ionull.o
 .comment       0x00000000       0x31 binaries/kill.o
 .comment       0x00000000       0x31 binaries/kprintf.o
 .comment       0x00000000       0x31 binaries/main.o
 .comment       0x00000000       0x31 binaries/mark.o
 .comment       0x00000000       0x31 binaries/meminit.o
 .comment       0x00000000       0x31 binaries/mkbufpool.o
 .comment       0x00000000       0x31 binaries/newqueue.o
 .comment       0x00000000       0x31 binaries/open.o
 .comment       0x00000000       0x31 binaries/panic.o
 .comment       0x00000000       0x31 binaries/platinit.o
 .comment       0x00000000       0x31 binaries/ptclear.o
 .comment       0x00000000       0x31 binaries/ptcount.o
 .comment       0x00000000       0x31 binaries/ptcreate.o
 .comment       0x00000000       0x31 binaries/ptdelete.o
 .comment       0x00000000       0x31 binaries/ptinit.o
 .comment       0x00000000       0x31 binaries/ptrecv.o
 .comment       0x00000000       0x31 binaries/ptreset.o
 .comment       0x00000000       0x31 binaries/ptsend.o
 .comment       0x00000000       0x31 binaries/putc.o
 .comment       0x00000000       0x31 binaries/queue.o
 .comment       0x00000000       0x31 binaries/read.o
 .comment       0x00000000       0x31 binaries/ready.o
 .comment       0x00000000       0x31 binaries/receive.o
 .comment       0x00000000       0x31 binaries/recvclr.o
 .comment       0x00000000       0x31 binaries/recvtime.o
 .comment       0x00000000       0x31 binaries/resched.o
 .comment       0x00000000       0x31 binaries/resume.o
 .comment       0x00000000       0x31 binaries/seek.o
 .comment       0x00000000       0x31 binaries/semcount.o
 .comment       0x00000000       0x31 binaries/semcreate.o
 .comment       0x00000000       0x31 binaries/semdelete.o
 .comment       0x00000000       0x31 binaries/semreset.o
 .comment       0x00000000       0x31 binaries/send.o
 .comment       0x00000000       0x31 binaries/signal.o
 .comment       0x00000000       0x31 binaries/signaln.o
 .comment       0x00000000       0x31 binaries/sleep.o
 .comment       0x00000000       0x31 binaries/suspend.o
 .comment       0x00000000       0x31 binaries/unsleep.o
 .comment       0x00000000       0x31 binaries/userret.o
 .comment       0x00000000       0x31 binaries/wait.o
 .comment       0x00000000       0x31 binaries/wakeup.o
 .comment       0x00000000       0x31 binaries/write.o
 .comment       0x00000000       0x31 binaries/xdone.o
 .comment       0x00000000       0x31 binaries/yield.o
 .comment       0x00000000       0x31 binaries/abs.o
 .comment       0x00000000       0x31 binaries/atoi.o
 .comment       0x00000000       0x31 binaries/atol.o
 .comment       0x00000000       0x31 binaries/bzero.o
 .comment       0x00000000       0x31 binaries/ctype_.o
 .comment       0x00000000       0x31 binaries/doprnt.o
 .comment       0x00000000       0x31 binaries/doscan.o
 .comment       0x00000000       0x31 binaries/fdoprnt.o
 .comment       0x00000000       0x31 binaries/fgetc.o
 .comment       0x00000000       0x31 binaries/fgets.o
 .comment       0x00000000       0x31 binaries/fprintf.o
 .comment       0x00000000       0x31 binaries/fputc.o
 .comment       0x00000000       0x31 binaries/fputs.o
 .comment       0x00000000       0x31 binaries/fscanf.o
 .comment       0x00000000       0x31 binaries/getchar.o
 .comment       0x00000000       0x31 binaries/labs.o
 .comment       0x00000000       0x31 binaries/memchr.o
 .comment       0x00000000       0x31 binaries/memcmp.o
 .comment       0x00000000       0x31 binaries/memcpy.o
 .comment       0x00000000       0x31 binaries/memset.o
 .comment       0x00000000       0x31 binaries/printf.o
 .comment       0x00000000       0x31 binaries/putchar.o
 .comment       0x00000000       0x31 binaries/qsort.o
 .comment       0x00000000       0x31 binaries/rand.o
 .comment       0x00000000       0x31 binaries/sprintf.o
 .comment       0x00000000       0x31 binaries/sscanf.o
 .comment       0x00000000       0x31 binaries/strchr.o
 .comment       0x00000000       0x31 binaries/strcmp.o
 .comment       0x00000000       0x31 binaries/strcpy.o
 .comment       0x00000000       0x31 binaries/strlen.o
 .comment       0x00000000       0x31 binaries/strncat.o
 .comment       0x00000000       0x31 binaries/strncmp.o
 .comment       0x00000000       0x31 binaries/strncpy.o
 .comment       0x00000000       0x31 binaries/strnlen.o
 .comment       0x00000000       0x31 binaries/strrchr.o
 .comment       0x00000000       0x31 binaries/strstr.o
 .comment       0x00000000       0x31 binaries/ttycontrol.o
 .comment       0x00000000       0x31 binaries/ttygetc.o
 .comment       0x00000000       0x31 binaries/ttyhandle_in.o
 .comment       0x00000000       0x31 binaries/ttyhandle_out.o
 .comment       0x00000000       0x31 binaries/ttyhandler.o
 .comment       0x00000000       0x31 binaries/ttyinit.o
 .comment       0x00000000       0x31 binaries/ttykickout.o
 .comment       0x00000000       0x31 binaries/ttyputc.o
 .comment       0x00000000       0x31 binaries/ttyread.o
 .comment       0x00000000       0x31 binaries/ttywrite.o
 .comment       0x00000000       0x31 binaries/mount.o
 .comment       0x00000000       0x31 binaries/naminit.o
 .comment       0x00000000       0x31 binaries/nammap.o
 .comment       0x00000000       0x31 binaries/namopen.o
 .comment       0x00000000       0x31 binaries/ethcontrol.o
 .comment       0x00000000       0x31 binaries/ethhandler.o
 .comment       0x00000000       0x31 binaries/ethinit.o
 .comment       0x00000000       0x31 binaries/ethread.o
 .comment       0x00000000       0x31 binaries/ethwrite.o
 .comment       0x00000000       0x31 binaries/rdsbufalloc.o
 .comment       0x00000000       0x31 binaries/rdsclose.o
 .comment       0x00000000       0x31 binaries/rdscomm.o
 .comment       0x00000000       0x31 binaries/rdscontrol.o
 .comment       0x00000000       0x31 binaries/rdsinit.o
 .comment       0x00000000       0x31 binaries/rdsopen.o
 .comment       0x00000000       0x31 binaries/rdsprocess.o
 .comment       0x00000000       0x31 binaries/rdsread.o
 .comment       0x00000000       0x31 binaries/rdswrite.o
 .comment       0x00000000       0x31 binaries/ramclose.o
 .comment       0x00000000       0x31 binaries/raminit.o
 .comment       0x00000000       0x31 binaries/ramopen.o
 .comment       0x00000000       0x31 binaries/ramread.o
 .comment       0x00000000       0x31 binaries/ramwrite.o
 .comment       0x00000000       0x31 binaries/lfdballoc.o
 .comment       0x00000000       0x31 binaries/lfdbfree.o
 .comment       0x00000000       0x31 binaries/lfflush.o
 .comment       0x00000000       0x31 binaries/lfgetmode.o
 .comment       0x00000000       0x31 binaries/lfiballoc.o
 .comment       0x00000000       0x31 binaries/lfibclear.o
 .comment       0x00000000       0x31 binaries/lfibget.o
 .comment       0x00000000       0x31 binaries/lfibput.o
 .comment       0x00000000       0x31 binaries/lflclose.o
 .comment       0x00000000       0x31 binaries/lflcontrol.o
 .comment       0x00000000       0x31 binaries/lflgetc.o
 .comment       0x00000000       0x31 binaries/lflinit.o
 .comment       0x00000000       0x31 binaries/lflputc.o
 .comment       0x00000000       0x31 binaries/lflread.o
 .comment       0x00000000       0x31 binaries/lflseek.o
 .comment       0x00000000       0x31 binaries/lflwrite.o
 .comment       0x00000000       0x31 binaries/lfscheck.o
 .comment       0x00000000       0x31 binaries/lfsckfmt.o
 .comment       0x00000000       0x31 binaries/lfscreate.o
 .comment       0x00000000       0x31 binaries/lfsetup.o
 .comment       0x00000000       0x31 binaries/lfsinit.o
 .comment       0x00000000       0x31 binaries/lfsopen.o
 .comment       0x00000000       0x31 binaries/lftruncate.o
 .comment       0x00000000       0x31 binaries/rflclose.o
 .comment       0x00000000       0x31 binaries/rflgetc.o
 .comment       0x00000000       0x31 binaries/rflinit.o
 .comment       0x00000000       0x31 binaries/rflputc.o
 .comment       0x00000000       0x31 binaries/rflread.o
 .comment       0x00000000       0x31 binaries/rflseek.o
 .comment       0x00000000       0x31 binaries/rflwrite.o
 .comment       0x00000000       0x31 binaries/rfscomm.o
 .comment       0x00000000       0x31 binaries/rfscontrol.o
 .comment       0x00000000       0x31 binaries/rfsgetmode.o
 .comment       0x00000000       0x31 binaries/rfsinit.o
 .comment       0x00000000       0x31 binaries/rfsndmsg.o
 .comment       0x00000000       0x31 binaries/rfsopen.o
 .comment       0x00000000       0x31 binaries/spicontrol.o
 .comment       0x00000000       0x31 binaries/spiinit.o
 .comment       0x00000000       0x31 binaries/gpiohandler.o
 .comment       0x00000000       0x31 binaries/gpiohandlerout.o
 .comment       0x00000000       0x31 binaries/gpioinit.o
 .comment       0x00000000       0x31 binaries/gpiokickout.o
 .comment       0x00000000       0x31 binaries/gpioread.o
 .comment       0x00000000       0x31 binaries/gpiowrite.o
 .comment       0x00000000       0x31 binaries/adchandler.o
 .comment       0x00000000       0x31 binaries/adcinit.o
 .comment       0x00000000       0x31 binaries/adcread.o
 .comment       0x00000000       0x31 binaries/tempinit.o
 .comment       0x00000000       0x31 binaries/tempread.o
 .comment       0x00000000       0x31 binaries/direction.o
 .comment       0x00000000       0x31 binaries/motorinit.o
 .comment       0x00000000       0x31 binaries/motorread.o
 .comment       0x00000000       0x31 binaries/motorwrite.o
 .comment       0x00000000       0x31 binaries/ledinit.o
 .comment       0x00000000       0x31 binaries/ledread.o
 .comment       0x00000000       0x31 binaries/ledwrite.o
 .comment       0x00000000       0x31 binaries/buzinit.o
 .comment       0x00000000       0x31 binaries/buzread.o
 .comment       0x00000000       0x31 binaries/buzwrite.o
 .comment       0x00000000       0x31 binaries/nokiatune.o
 .comment       0x00000000       0x31 binaries/arp.o
 .comment       0x00000000       0x31 binaries/dhcp.o
 .comment       0x00000000       0x31 binaries/dns.o
 .comment       0x00000000       0x31 binaries/dot2ip.o
 .comment       0x00000000       0x31 binaries/hexdump.o
 .comment       0x00000000       0x31 binaries/icmp.o
 .comment       0x00000000       0x31 binaries/ip.o
 .comment       0x00000000       0x31 binaries/net.o
 .comment       0x00000000       0x31 binaries/pdump.o
 .comment       0x00000000       0x31 binaries/tftp.o
 .comment       0x00000000       0x31 binaries/udp.o
 .comment       0x00000000       0x31 binaries/addargs.o
 .comment       0x00000000       0x31 binaries/lexan.o
 .comment       0x00000000       0x31 binaries/shell.o
 .comment       0x00000000       0x31 binaries/xsh_argecho.o
 .comment       0x00000000       0x31 binaries/xsh_arp.o
 .comment       0x00000000       0x31 binaries/xsh_cat.o
 .comment       0x00000000       0x31 binaries/xsh_clear.o
 .comment       0x00000000       0x31 binaries/xsh_date.o
 .comment       0x00000000       0x31 binaries/xsh_devdump.o
 .comment       0x00000000       0x31 binaries/xsh_echo.o
 .comment       0x00000000       0x31 binaries/xsh_exit.o
 .comment       0x00000000       0x31 binaries/xsh_help.o
 .comment       0x00000000       0x31 binaries/xsh_kill.o
 .comment       0x00000000       0x31 binaries/xsh_memdump.o
 .comment       0x00000000       0x31 binaries/xsh_memstat.o
 .comment       0x00000000       0x31 binaries/xsh_netinfo.o
 .comment       0x00000000       0x31 binaries/xsh_ping.o
 .comment       0x00000000       0x31 binaries/xsh_ps.o
 .comment       0x00000000       0x31 binaries/xsh_sleep.o
 .comment       0x00000000       0x31 binaries/xsh_udpdump.o
 .comment       0x00000000       0x31 binaries/xsh_udpecho.o
 .comment       0x00000000       0x31 binaries/xsh_udpserver.o
 .comment       0x00000000       0x31 binaries/xsh_uptime.o

.debug_frame    0x00000000       0x40
 .debug_frame   0x00000000       0x20 ../cross_compiler/lib/gcc/arm-none-eabi/4.8.1//libgcc.a(_udivsi3.o)
 .debug_frame   0x00000020       0x20 ../cross_compiler/lib/gcc/arm-none-eabi/4.8.1//libgcc.a(_divsi3.o)
